#
# A fatal error has been detected by the Java Runtime Environment:
#
#  EXCEPTION_ACCESS_VIOLATION (0xc0000005) at pc=0x00007ffa3935ef32, pid=19440, tid=21036
#
# JRE version: Java(TM) SE Runtime Environment (17.0.8+9) (build 17.0.8+9-LTS-211)
# Java VM: Java HotSpot(TM) 64-Bit Server VM (17.0.8+9-LTS-211, mixed mode, emulated-client, sharing, tiered, compressed oops, compressed class ptrs, g1 gc, windows-amd64)
# Problematic frame:
# V  [jvm.dll+0x78ef32]
#
# No core dump will be written. Minidumps are not enabled by default on client versions of Windows
#
# If you would like to submit a bug report, please visit:
#   https://bugreport.java.com/bugreport/crash.jsp
#

---------------  S U M M A R Y ------------

Command Line: -XX:TieredStopAtLevel=1 -Xverify:none -Dspring.output.ansi.enabled=always -Dcom.sun.management.jmxremote -Dspring.jmx.enabled=true -Dspring.liveBeansView.mbeanDomain -Dspring.application.admin.enabled=true -javaagent:F:\IDEA\IntelliJ IDEA 2022.1.3\lib\idea_rt.jar=63404:F:\IDEA\IntelliJ IDEA 2022.1.3\bin -Dfile.encoding=UTF-8 com.ewing.RoomApplication

Host: AMD Ryzen 9 4900H with Radeon Graphics         , 16 cores, 15G,  Windows 10 , 64 bit Build 19041 (10.0.19041.3636)
Time: Fri Nov 22 14:03:21 2024  Windows 10 , 64 bit Build 19041 (10.0.19041.3636) elapsed time: 6491.621249 seconds (0d 1h 48m 11s)

---------------  T H R E A D  ---------------

Current thread (0x000001b643b7cdd0):  JavaThread "lettuce-timer-20-1" daemon [_thread_in_vm, id=21036, stack(0x0000003f2ee00000,0x0000003f2ef00000)]

Stack: [0x0000003f2ee00000,0x0000003f2ef00000],  sp=0x0000003f2eeff178,  free space=1020k
Native frames: (J=compiled Java code, j=interpreted, Vv=VM code, C=native code)
V  [jvm.dll+0x78ef32]
V  [jvm.dll+0x42226d]
C  0x0000003f2eeff2e0

Java frames: (J=compiled Java code, j=interpreted, Vv=VM code)
J 8368  java.lang.Thread.sleep(J)V java.base@17.0.8 (0 bytes) @ 0x000001b6641e2ce9 [0x000001b6641e2ca0+0x0000000000000049]
J 8375 c1 io.netty.util.HashedWheelTimer$Worker.waitForNextTick()J (120 bytes) @ 0x000001b6641dfcb4 [0x000001b6641dfb60+0x0000000000000154]
J 13866 c1 io.netty.util.HashedWheelTimer$Worker.run()V (204 bytes) @ 0x000001b66544221c [0x000001b6654420e0+0x000000000000013c]
J 15510 c1 io.netty.util.concurrent.FastThreadLocalRunnable.run()V (22 bytes) @ 0x000001b665afe984 [0x000001b665afe940+0x0000000000000044]
J 7477 c1 java.lang.Thread.run()V java.base@17.0.8 (17 bytes) @ 0x000001b664e547ec [0x000001b664e547a0+0x000000000000004c]
v  ~StubRoutines::call_stub

siginfo: EXCEPTION_ACCESS_VIOLATION (0xc0000005), reading address 0x0000000043b7d290


Register to memory mapping:

RIP=0x00007ffa3935ef32 jvm.dll
RAX=0x000001b643470bd0 points into unknown readable memory: 0x0000000000000000 | 00 00 00 00 00 00 00 00
RBX=0x000001b643b7cdd0 is a thread
RCX=0x0000000043b7cdd0 is an unknown value
RDX=0x000000000000005a is an unknown value
RSP=0x0000003f2eeff178 is pointing into the stack for thread: 0x000001b643b7cdd0
RBP=0x0000003f2eeff260 is pointing into the stack for thread: 0x000001b643b7cdd0
RSI=0x0000000000000007 is an unknown value
RDI=0x000001b6431c1190 points into unknown readable memory: 0x0000000000000000 | 00 00 00 00 00 00 00 00
R8 =0x000000000000005a is an unknown value
R9 =0x000000007ffe5000 points into unknown readable memory: 0x00000000546c6148 | 48 61 6c 54 00 00 00 00
R10=0x00007ffa80ae40c1 java.dll
R11=0xfffffffffa8fb626 is an unknown value
R12=0x0 is NULL
R13=0x0 is NULL
R14=0x0000003f2eeff200 is pointing into the stack for thread: 0x000001b643b7cdd0
R15=0x000000000000005a is an unknown value


Registers:
RAX=0x000001b643470bd0, RBX=0x000001b643b7cdd0, RCX=0x0000000043b7cdd0, RDX=0x000000000000005a
RSP=0x0000003f2eeff178, RBP=0x0000003f2eeff260, RSI=0x0000000000000007, RDI=0x000001b6431c1190
R8 =0x000000000000005a, R9 =0x000000007ffe5000, R10=0x00007ffa80ae40c1, R11=0xfffffffffa8fb626
R12=0x0000000000000000, R13=0x0000000000000000, R14=0x0000003f2eeff200, R15=0x000000000000005a
RIP=0x00007ffa3935ef32, EFLAGS=0x0000000000010206

Top of Stack: (sp=0x0000003f2eeff178)
0x0000003f2eeff178:   00007ffa3935efa6 000000133c65ceaf
0x0000003f2eeff188:   000001b643b7cdd0 bce4217d2849cb25
0x0000003f2eeff198:   000001b664c7ebeb 0000000000000000
0x0000003f2eeff1a8:   000001b643b7cdd0 0000003f2eeff1a0
0x0000003f2eeff1b8:   000000000000005a 0000003f2eeff200
0x0000003f2eeff1c8:   0000000000000000 0000000000000000
0x0000003f2eeff1d8:   0000000000000007 00007ffa38ff226d
0x0000003f2eeff1e8:   00007ffa38ff226d 000000000000005a
0x0000003f2eeff1f8:   0000003f2eeff260 0000003f2eeff260
0x0000003f2eeff208:   0000000000000000 0000000000000000
0x0000003f2eeff218:   000001b643b7cdd0 0000000000000000
0x0000003f2eeff228:   0000000000000000 0000000000000000
0x0000003f2eeff238:   00000000000007fe 000001b643b7cdd0
0x0000003f2eeff248:   0000003f2eeff2d0 0000003f2eeff520
0x0000003f2eeff258:   0000000000000000 000000000000000a
0x0000003f2eeff268:   000001b60178bb80 0000003f2eeff2e0 

Instructions: (pc=0x00007ffa3935ef32)
0x00007ffa3935ee32:   1c 34 48 8b d3 48 8d 8b 88 02 00 00 e8 1d 9d b3
0x00007ffa3935ee42:   ff c7 83 38 03 00 00 07 00 00 00 e8 0e a1 ed ff
0x00007ffa3935ee52:   90 48 8b 83 40 03 00 00 a8 01 74 0a b2 01 48 8b
0x00007ffa3935ee62:   cb e8 e8 a1 f4 ff 83 bb 2c 03 00 00 00 c7 83 38
0x00007ffa3935ee72:   03 00 00 04 00 00 00 75 0a 8b 83 28 03 00 00 a8
0x00007ffa3935ee82:   0c 74 0a 33 d2 48 8b cb e8 31 c4 ff ff 48 8b d3
0x00007ffa3935ee92:   48 8d 4c 24 30 e8 c4 a8 bb ff 48 8d 0d ad 27 31
0x00007ffa3935eea2:   00 ff d5 48 8d 4c 24 30 e8 51 a7 bb ff c7 83 38
0x00007ffa3935eeb2:   03 00 00 05 00 00 00 e8 a2 a0 ed ff 33 d2 48 8b
0x00007ffa3935eec2:   cb 90 e8 37 46 9b ff c7 83 38 03 00 00 06 00 00
0x00007ffa3935eed2:   00 48 8b 7f 20 48 85 ff 0f 85 20 ff ff ff 4c 8b
0x00007ffa3935eee2:   7c 24 70 4c 8b 74 24 78 4c 8b a4 24 a8 00 00 00
0x00007ffa3935eef2:   48 8b b4 24 a0 00 00 00 48 8b ac 24 98 00 00 00
0x00007ffa3935ef02:   48 8b 9c 24 90 00 00 00 48 81 c4 80 00 00 00 5f
0x00007ffa3935ef12:   c3 cc cc cc cc cc cc cc cc cc cc cc cc cc 48 89
0x00007ffa3935ef22:   6c 24 18 56 41 54 41 55 41 56 41 57 48 83 ec 40
0x00007ffa3935ef32:   4c 8b a9 c0 04 00 00 45 33 f6 48 8b ea 48 8b f1
0x00007ffa3935ef42:   45 89 75 20 e8 15 a0 ed ff 90 e8 4f 44 ee ff 48
0x00007ffa3935ef52:   89 5c 24 70 4c 8b f8 48 89 7c 24 78 49 bc 25 cb
0x00007ffa3935ef62:   49 28 7d 21 e4 bc 0f 1f 84 00 00 00 00 00 48 8b
0x00007ffa3935ef72:   8e 80 02 00 00 48 85 c9 74 32 ff 15 ae ff 30 00
0x00007ffa3935ef82:   48 85 c0 74 27 48 8b 8e 80 02 00 00 48 85 c9 75
0x00007ffa3935ef92:   05 49 8b c6 eb 06 ff 15 82 80 30 00 48 8b c8 e8
0x00007ffa3935efa2:   4a 02 c0 ff 84 c0 0f 85 94 00 00 00 48 85 ed 0f
0x00007ffa3935efb2:   8e bc 00 00 00 48 8d 44 24 20 4c 89 74 24 20 48
0x00007ffa3935efc2:   8d 8e 88 02 00 00 48 89 44 24 30 48 8b d6 48 89
0x00007ffa3935efd2:   74 24 28 44 88 74 24 38 e8 81 9b b3 ff 90 48 8b
0x00007ffa3935efe2:   d5 48 8b be 28 02 00 00 49 8b cd c7 86 38 03 00
0x00007ffa3935eff2:   00 0a 00 00 00 8b 5f 10 c7 47 10 04 00 00 00 e8
0x00007ffa3935f002:   da 54 ee ff 48 8d 4c 24 28 89 5f 10 e8 1d bf 97
0x00007ffa3935f012:   ff e8 88 43 ee ff 48 8b c8 4c 8b c0 49 2b cf 78
0x00007ffa3935f022:   17 49 8b c4 48 f7 e9 48 c1 fa 12 48 8b ca 48 c1 


Stack slot to memory mapping:
stack at sp + 0 slots: 0x00007ffa3935efa6 jvm.dll
stack at sp + 1 slots: 0x000000133c65ceaf is an unknown value
stack at sp + 2 slots: 0x000001b643b7cdd0 is a thread
stack at sp + 3 slots: 0xbce4217d2849cb25 is an unknown value
stack at sp + 4 slots: 0x000001b664c7ebeb is at entry_point+267 in (nmethod*)0x000001b664c7e910
stack at sp + 5 slots: 0x0 is NULL
stack at sp + 6 slots: 0x000001b643b7cdd0 is a thread
stack at sp + 7 slots: 0x0000003f2eeff1a0 is pointing into the stack for thread: 0x000001b643b7cdd0


---------------  P R O C E S S  ---------------

Threads class SMR info:
_java_thread_list=0x000001b643845030, length=121, elements={
0x000001b6740969f0, 0x000001b6740992c0, 0x000001b674116540, 0x000001b674116e00,
0x000001b6741176c0, 0x000001b674119f90, 0x000001b67411a900, 0x000001b67412bf60,
0x000001b6740860e0, 0x000001b6748e7440, 0x000001b6748e7910, 0x000001b6749ee010,
0x000001b6796cfff0, 0x000001b6797e1070, 0x000001b6797e1540, 0x000001b6797e1a10,
0x000001b679dd3b40, 0x000001b679dd6690, 0x000001b679dd7030, 0x000001b679dd4e80,
0x000001b679dd31a0, 0x000001b679dd96b0, 0x000001b679dd44e0, 0x000001b679dd5cf0,
0x000001b67b6d5210, 0x000001b67b7cfb90, 0x000001b6433a60c0, 0x000001b6433a7400,
0x000001b6433a78d0, 0x000001b642e4d720, 0x000001b642e4ea60, 0x000001b642e4c8b0,
0x000001b642e4d250, 0x000001b642e4f8d0, 0x000001b642e4dbf0, 0x000001b642e4e0c0,
0x000001b642e51f50, 0x000001b642e50c10, 0x000001b642e52dc0, 0x000001b642e53760,
0x000001b642e4f400, 0x000001b642e4bf10, 0x000001b642e4fda0, 0x000001b642e4c3e0,
0x000001b642e50740, 0x000001b642e510e0, 0x000001b642e528f0, 0x000001b642e52420,
0x000001b642e4cd80, 0x000001b642e4ef30, 0x000001b643ac9f30, 0x000001b643448620,
0x000001b6434780c0, 0x000001b642c4e8b0, 0x000001b643801030, 0x000001b643801500,
0x000001b6438001c0, 0x000001b643477720, 0x000001b643477bf0, 0x000001b642c49d60,
0x000001b642c4a230, 0x000001b643ac90c0, 0x000001b643ac9590, 0x000001b643bb85f0,
0x000001b6433aa420, 0x000001b643ce1080, 0x000001b643bb8ac0, 0x000001b643ac7d80,
0x000001b643ab96d0, 0x000001b643ab9ba0, 0x000001b643ce3230, 0x000001b642c4ed80,
0x000001b64306d420, 0x000001b6433a7da0, 0x000001b643ce1550, 0x000001b6437731d0,
0x000001b643ce1a20, 0x000001b643aca400, 0x000001b643ce1ef0, 0x000001b6433a8c10,
0x000001b642c4cd80, 0x000001b643899a20, 0x000001b643ce23c0, 0x000001b643801ea0,
0x000001b643ab9200, 0x000001b642c4a700, 0x000001b642c4f250, 0x000001b643b7d770,
0x000001b643899ef0, 0x000001b643449e30, 0x000001b643b7dc40, 0x000001b643b7cdd0,
0x000001b64389a3c0, 0x000001b642cbb180, 0x000001b642cb9e40, 0x000001b642cb8fd0,
0x000001b642cba7e0, 0x000001b642cbacb0, 0x000001b642cbc990, 0x000001b642cba310,
0x000001b642cbc4c0, 0x000001b642cb94a0, 0x000001b642cb9970, 0x000001b642cbbb20,
0x000001b642cbb650, 0x000001b642cbbff0, 0x000001b643ac4a40, 0x000001b643ac3700,
0x000001b643ac53e0, 0x000001b643772d00, 0x000001b643773b70, 0x000001b643774510,
0x000001b643772360, 0x000001b67b7cb830, 0x000001b643ac9a60, 0x000001b643b7f2f0,
0x000001b642c4d250, 0x000001b643aba070, 0x000001b643ab8d30, 0x000001b643aca8d0,
0x000001b643ab8860
}

Java Threads: ( => current thread )
  0x000001b6740969f0 JavaThread "Reference Handler" daemon [_thread_blocked, id=12296, stack(0x0000003f27f00000,0x0000003f28000000)]
  0x000001b6740992c0 JavaThread "Finalizer" daemon [_thread_blocked, id=16008, stack(0x0000003f28000000,0x0000003f28100000)]
  0x000001b674116540 JavaThread "Signal Dispatcher" daemon [_thread_blocked, id=18612, stack(0x0000003f28100000,0x0000003f28200000)]
  0x000001b674116e00 JavaThread "Attach Listener" daemon [_thread_blocked, id=18600, stack(0x0000003f28200000,0x0000003f28300000)]
  0x000001b6741176c0 JavaThread "Service Thread" daemon [_thread_blocked, id=18596, stack(0x0000003f28300000,0x0000003f28400000)]
  0x000001b674119f90 JavaThread "Monitor Deflation Thread" daemon [_thread_blocked, id=18592, stack(0x0000003f28400000,0x0000003f28500000)]
  0x000001b67411a900 JavaThread "C1 CompilerThread0" daemon [_thread_blocked, id=18608, stack(0x0000003f28500000,0x0000003f28600000)]
  0x000001b67412bf60 JavaThread "Sweeper thread" daemon [_thread_blocked, id=18584, stack(0x0000003f28600000,0x0000003f28700000)]
  0x000001b6740860e0 JavaThread "Common-Cleaner" daemon [_thread_blocked, id=18588, stack(0x0000003f28700000,0x0000003f28800000)]
  0x000001b6748e7440 JavaThread "Monitor Ctrl-Break" daemon [_thread_in_native, id=18828, stack(0x0000003f28b00000,0x0000003f28c00000)]
  0x000001b6748e7910 JavaThread "Notification Thread" daemon [_thread_blocked, id=18824, stack(0x0000003f28c00000,0x0000003f28d00000)]
  0x000001b6749ee010 JavaThread "RMI TCP Accept-0" daemon [_thread_in_native, id=19272, stack(0x0000003f28d00000,0x0000003f28e00000)]
  0x000001b6796cfff0 JavaThread "RMI Scheduler(0)" daemon [_thread_blocked, id=18744, stack(0x0000003f29900000,0x0000003f29a00000)]
  0x000001b6797e1070 JavaThread "com.alibaba.nacos.client.Worker.0" daemon [_thread_blocked, id=19416, stack(0x0000003f2a400000,0x0000003f2a500000)]
  0x000001b6797e1540 JavaThread "com.alibaba.nacos.client.Worker.1" daemon [_thread_blocked, id=19420, stack(0x0000003f2a500000,0x0000003f2a600000)]
  0x000001b6797e1a10 JavaThread "com.alibaba.nacos.client.Worker.2" daemon [_thread_blocked, id=19424, stack(0x0000003f2a600000,0x0000003f2a700000)]
  0x000001b679dd3b40 JavaThread "nacos.publisher-com.alibaba.nacos.common.notify.SlowEvent" daemon [_thread_blocked, id=19288, stack(0x0000003f2a700000,0x0000003f2a800000)]
  0x000001b679dd6690 JavaThread "com.alibaba.nacos.client.remote.worker.0" daemon [_thread_blocked, id=19372, stack(0x0000003f2a800000,0x0000003f2a900000)]
  0x000001b679dd7030 JavaThread "com.alibaba.nacos.client.remote.worker.1" daemon [_thread_blocked, id=19132, stack(0x0000003f2a900000,0x0000003f2aa00000)]
  0x000001b679dd4e80 JavaThread "grpc-nio-worker-ELG-1-1" daemon [_thread_in_native, id=19256, stack(0x0000003f2ab00000,0x0000003f2ac00000)]
  0x000001b679dd31a0 JavaThread "grpc-nio-worker-ELG-1-2" daemon [_thread_in_native, id=7936, stack(0x0000003f2af00000,0x0000003f2b000000)]
  0x000001b679dd96b0 JavaThread "nacos.publisher-com.alibaba.nacos.common.ability.AbstractAbilityControlManager$AbilityUpdateEvent" daemon [_thread_blocked, id=11136, stack(0x0000003f2b600000,0x0000003f2b700000)]
  0x000001b679dd44e0 JavaThread "com.alibaba.nacos.client.Worker.3" daemon [_thread_blocked, id=20372, stack(0x0000003f2bc00000,0x0000003f2bd00000)]
  0x000001b679dd5cf0 JavaThread "mysql-cj-abandoned-connection-cleanup" daemon [_thread_blocked, id=19204, stack(0x0000003f2c000000,0x0000003f2c100000)]
  0x000001b67b6d5210 JavaThread "Thread-11" daemon [_thread_in_native, id=20016, stack(0x0000003f2c100000,0x0000003f2c200000)]
  0x000001b67b7cfb90 JavaThread "com.alibaba.nacos.client.Worker.4" daemon [_thread_blocked, id=19668, stack(0x0000003f2e600000,0x0000003f2e700000)]
  0x000001b6433a60c0 JavaThread "nacos.publisher-com.alibaba.nacos.client.naming.event.InstancesChangeEvent" daemon [_thread_blocked, id=8648, stack(0x0000003f2f800000,0x0000003f2f900000)]
  0x000001b6433a7400 JavaThread "grpc-nio-worker-ELG-1-3" daemon [_thread_in_native, id=17764, stack(0x0000003f30100000,0x0000003f30200000)]
  0x000001b6433a78d0 JavaThread "grpc-nio-worker-ELG-1-4" daemon [_thread_in_native, id=20156, stack(0x0000003f30400000,0x0000003f30500000)]
  0x000001b642e4d720 JavaThread "nacos.client.config.listener.task-0" daemon [_thread_blocked, id=20792, stack(0x0000003f31000000,0x0000003f31100000)]
  0x000001b642e4ea60 JavaThread "DestroyJavaVM" [_thread_blocked, id=17004, stack(0x0000003f27800000,0x0000003f27900000)]
  0x000001b642e4c8b0 JavaThread "com.alibaba.nacos.client.Worker.5" daemon [_thread_blocked, id=21404, stack(0x0000003f28900000,0x0000003f28a00000)]
  0x000001b642e4d250 JavaThread "com.alibaba.nacos.client.Worker.6" daemon [_thread_blocked, id=19468, stack(0x0000003f28800000,0x0000003f28900000)]
  0x000001b642e4f8d0 JavaThread "com.alibaba.nacos.client.Worker.7" daemon [_thread_blocked, id=17100, stack(0x0000003f2ae00000,0x0000003f2af00000)]
  0x000001b642e4dbf0 JavaThread "com.alibaba.nacos.client.Worker.8" daemon [_thread_blocked, id=20612, stack(0x0000003f2b800000,0x0000003f2b900000)]
  0x000001b642e4e0c0 JavaThread "com.alibaba.nacos.client.Worker.9" daemon [_thread_blocked, id=18184, stack(0x0000003f2bb00000,0x0000003f2bc00000)]
  0x000001b642e51f50 JavaThread "com.alibaba.nacos.client.Worker.10" daemon [_thread_blocked, id=5748, stack(0x0000003f29600000,0x0000003f29700000)]
  0x000001b642e50c10 JavaThread "com.alibaba.nacos.client.Worker.11" daemon [_thread_blocked, id=2272, stack(0x0000003f30200000,0x0000003f30300000)]
  0x000001b642e52dc0 JavaThread "com.alibaba.nacos.client.Worker.12" daemon [_thread_blocked, id=4252, stack(0x0000003f2b700000,0x0000003f2b800000)]
  0x000001b642e53760 JavaThread "com.alibaba.nacos.client.Worker.13" daemon [_thread_blocked, id=248, stack(0x0000003f2b900000,0x0000003f2ba00000)]
  0x000001b642e4f400 JavaThread "com.alibaba.nacos.client.Worker.14" daemon [_thread_blocked, id=14020, stack(0x0000003f2b200000,0x0000003f2b300000)]
  0x000001b642e4bf10 JavaThread "com.alibaba.nacos.client.Worker.15" daemon [_thread_blocked, id=9772, stack(0x0000003f29500000,0x0000003f29600000)]
  0x000001b642e4fda0 JavaThread "mybatis-plus-jsqlParser-1663" daemon [_thread_blocked, id=21072, stack(0x0000003f2ad00000,0x0000003f2ae00000)]
  0x000001b642e4c3e0 JavaThread "mybatis-plus-jsqlParser-1665" daemon [_thread_blocked, id=18708, stack(0x0000003f27500000,0x0000003f27600000)]
  0x000001b642e50740 JavaThread "mybatis-plus-jsqlParser-1666" daemon [_thread_blocked, id=15300, stack(0x0000003f28a00000,0x0000003f28b00000)]
  0x000001b642e510e0 JavaThread "mybatis-plus-jsqlParser-1667" daemon [_thread_blocked, id=9680, stack(0x0000003f2ac00000,0x0000003f2ad00000)]
  0x000001b642e528f0 JavaThread "mybatis-plus-jsqlParser-1669" daemon [_thread_blocked, id=12344, stack(0x0000003f2b100000,0x0000003f2b200000)]
  0x000001b642e52420 JavaThread "mybatis-plus-jsqlParser-1670" daemon [_thread_blocked, id=15152, stack(0x0000003f2b500000,0x0000003f2b600000)]
  0x000001b642e4cd80 JavaThread "mybatis-plus-jsqlParser-1672" daemon [_thread_blocked, id=16424, stack(0x0000003f2ba00000,0x0000003f2bb00000)]
  0x000001b642e4ef30 JavaThread "mybatis-plus-jsqlParser-1673" daemon [_thread_blocked, id=13996, stack(0x0000003f29800000,0x0000003f29900000)]
  0x000001b643ac9f30 JavaThread "Live Reload Server" daemon [_thread_in_native, id=23316, stack(0x0000003f2ef00000,0x0000003f2f000000)]
  0x000001b643448620 JavaThread "grpc-nio-worker-ELG-1-5" daemon [_thread_in_native, id=17356, stack(0x0000003f30800000,0x0000003f30900000)]
  0x000001b6434780c0 JavaThread "grpc-nio-worker-ELG-1-6" daemon [_thread_in_native, id=23364, stack(0x0000003f30c00000,0x0000003f30d00000)]
  0x000001b642c4e8b0 JavaThread "com.alibaba.nacos.client.auth.ram.identify.watcher.0" daemon [_thread_blocked, id=604, stack(0x0000003f2a200000,0x0000003f2a300000)]
  0x000001b643801030 JavaThread "Catalina-utility-1" [_thread_blocked, id=19352, stack(0x0000003f2d100000,0x0000003f2d200000)]
  0x000001b643801500 JavaThread "Catalina-utility-2" [_thread_blocked, id=18512, stack(0x0000003f2d200000,0x0000003f2d300000)]
  0x000001b6438001c0 JavaThread "container-0" [_thread_blocked, id=19376, stack(0x0000003f2d300000,0x0000003f2d400000)]
  0x000001b643477720 JavaThread "redisson-netty-16-1" [_thread_in_native, id=19684, stack(0x0000003f27700000,0x0000003f27800000)]
  0x000001b643477bf0 JavaThread "redisson-netty-16-2" [_thread_in_native, id=19564, stack(0x0000003f2b000000,0x0000003f2b100000)]
  0x000001b642c49d60 JavaThread "redisson-netty-16-3" [_thread_in_native, id=22540, stack(0x0000003f2c400000,0x0000003f2c500000)]
  0x000001b642c4a230 JavaThread "redisson-netty-16-4" [_thread_in_native, id=12008, stack(0x0000003f2c600000,0x0000003f2c700000)]
  0x000001b643ac90c0 JavaThread "redisson-timer-18-1" [_thread_blocked, id=17264, stack(0x0000003f2c700000,0x0000003f2c800000)]
  0x000001b643ac9590 JavaThread "redisson-netty-16-6" [_thread_in_native, id=21008, stack(0x0000003f2c900000,0x0000003f2ca00000)]
  0x000001b643bb85f0 JavaThread "redisson-netty-16-7" [_thread_in_native, id=7948, stack(0x0000003f2ca00000,0x0000003f2cb00000)]
  0x000001b6433aa420 JavaThread "redisson-netty-16-5" [_thread_in_native, id=23344, stack(0x0000003f2cb00000,0x0000003f2cc00000)]
  0x000001b643ce1080 JavaThread "redisson-netty-16-8" [_thread_in_native, id=21116, stack(0x0000003f2cc00000,0x0000003f2cd00000)]
  0x000001b643bb8ac0 JavaThread "redisson-netty-16-9" [_thread_in_native, id=10400, stack(0x0000003f2cd00000,0x0000003f2ce00000)]
  0x000001b643ac7d80 JavaThread "redisson-netty-16-11" [_thread_in_native, id=19888, stack(0x0000003f2ce00000,0x0000003f2cf00000)]
  0x000001b643ab96d0 JavaThread "redisson-netty-16-10" [_thread_in_native, id=22704, stack(0x0000003f2cf00000,0x0000003f2d000000)]
  0x000001b643ab9ba0 JavaThread "redisson-netty-16-13" [_thread_in_native, id=20076, stack(0x0000003f2d000000,0x0000003f2d100000)]
  0x000001b643ce3230 JavaThread "redisson-netty-16-12" [_thread_in_native, id=21112, stack(0x0000003f2d800000,0x0000003f2d900000)]
  0x000001b642c4ed80 JavaThread "redisson-netty-16-15" [_thread_in_native, id=20424, stack(0x0000003f2d900000,0x0000003f2da00000)]
  0x000001b64306d420 JavaThread "redisson-netty-16-14" [_thread_in_native, id=23180, stack(0x0000003f2da00000,0x0000003f2db00000)]
  0x000001b6433a7da0 JavaThread "redisson-netty-16-17" [_thread_in_native, id=20504, stack(0x0000003f2db00000,0x0000003f2dc00000)]
  0x000001b643ce1550 JavaThread "redisson-netty-16-16" [_thread_in_native, id=21432, stack(0x0000003f2dc00000,0x0000003f2dd00000)]
  0x000001b6437731d0 JavaThread "redisson-netty-16-19" [_thread_in_native, id=4080, stack(0x0000003f2dd00000,0x0000003f2de00000)]
  0x000001b643ce1a20 JavaThread "redisson-netty-16-18" [_thread_in_native, id=17672, stack(0x0000003f2de00000,0x0000003f2df00000)]
  0x000001b643aca400 JavaThread "redisson-netty-16-21" [_thread_in_native, id=500, stack(0x0000003f2df00000,0x0000003f2e000000)]
  0x000001b643ce1ef0 JavaThread "redisson-netty-16-20" [_thread_in_native, id=12048, stack(0x0000003f2e000000,0x0000003f2e100000)]
  0x000001b6433a8c10 JavaThread "redisson-netty-16-22" [_thread_in_native, id=19120, stack(0x0000003f2e100000,0x0000003f2e200000)]
  0x000001b642c4cd80 JavaThread "redisson-netty-16-23" [_thread_in_native, id=16076, stack(0x0000003f2e200000,0x0000003f2e300000)]
  0x000001b643899a20 JavaThread "redisson-netty-16-25" [_thread_in_native, id=12672, stack(0x0000003f2e300000,0x0000003f2e400000)]
  0x000001b643ce23c0 JavaThread "redisson-netty-16-24" [_thread_in_native, id=504, stack(0x0000003f2e400000,0x0000003f2e500000)]
  0x000001b643801ea0 JavaThread "redisson-netty-16-26" [_thread_in_native, id=17580, stack(0x0000003f2e500000,0x0000003f2e600000)]
  0x000001b643ab9200 JavaThread "redisson-netty-16-27" [_thread_in_native, id=18720, stack(0x0000003f2e700000,0x0000003f2e800000)]
  0x000001b642c4a700 JavaThread "redisson-netty-16-28" [_thread_in_native, id=808, stack(0x0000003f2e800000,0x0000003f2e900000)]
  0x000001b642c4f250 JavaThread "redisson-netty-16-29" [_thread_in_native, id=10476, stack(0x0000003f2e900000,0x0000003f2ea00000)]
  0x000001b643b7d770 JavaThread "redisson-netty-16-30" [_thread_in_native, id=19156, stack(0x0000003f2ea00000,0x0000003f2eb00000)]
  0x000001b643899ef0 JavaThread "redisson-netty-16-31" [_thread_in_native, id=22284, stack(0x0000003f2eb00000,0x0000003f2ec00000)]
  0x000001b643449e30 JavaThread "redisson-netty-16-32" [_thread_in_native, id=15716, stack(0x0000003f2ec00000,0x0000003f2ed00000)]
  0x000001b643b7dc40 JavaThread "lettuce-eventExecutorLoop-19-1" daemon [_thread_blocked, id=22472, stack(0x0000003f2ed00000,0x0000003f2ee00000)]
=>0x000001b643b7cdd0 JavaThread "lettuce-timer-20-1" daemon [_thread_in_vm, id=21036, stack(0x0000003f2ee00000,0x0000003f2ef00000)]
  0x000001b64389a3c0 JavaThread "spring.cloud.inetutils" daemon [_thread_blocked, id=22548, stack(0x0000003f2c800000,0x0000003f2c900000)]
  0x000001b642cbb180 JavaThread "File Watcher" daemon [_thread_blocked, id=5920, stack(0x0000003f2f000000,0x0000003f2f100000)]
  0x000001b642cb9e40 JavaThread "Thread-55" daemon [_thread_blocked, id=20280, stack(0x0000003f2f400000,0x0000003f2f500000)]
  0x000001b642cb8fd0 JavaThread "http-nio-8080-exec-1" daemon [_thread_blocked, id=15900, stack(0x0000003f2f100000,0x0000003f2f200000)]
  0x000001b642cba7e0 JavaThread "http-nio-8080-exec-2" daemon [_thread_blocked, id=16780, stack(0x0000003f2f200000,0x0000003f2f300000)]
  0x000001b642cbacb0 JavaThread "http-nio-8080-exec-3" daemon [_thread_blocked, id=20144, stack(0x0000003f2f300000,0x0000003f2f400000)]
  0x000001b642cbc990 JavaThread "http-nio-8080-exec-4" daemon [_thread_blocked, id=20368, stack(0x0000003f2f500000,0x0000003f2f600000)]
  0x000001b642cba310 JavaThread "http-nio-8080-exec-5" daemon [_thread_blocked, id=20204, stack(0x0000003f2f600000,0x0000003f2f700000)]
  0x000001b642cbc4c0 JavaThread "http-nio-8080-exec-6" daemon [_thread_blocked, id=20088, stack(0x0000003f2f700000,0x0000003f2f800000)]
  0x000001b642cb94a0 JavaThread "http-nio-8080-exec-7" daemon [_thread_blocked, id=20264, stack(0x0000003f2f900000,0x0000003f2fa00000)]
  0x000001b642cb9970 JavaThread "http-nio-8080-exec-8" daemon [_thread_blocked, id=20268, stack(0x0000003f2fa00000,0x0000003f2fb00000)]
  0x000001b642cbbb20 JavaThread "http-nio-8080-exec-9" daemon [_thread_blocked, id=2784, stack(0x0000003f2fb00000,0x0000003f2fc00000)]
  0x000001b642cbb650 JavaThread "http-nio-8080-exec-10" daemon [_thread_blocked, id=19320, stack(0x0000003f2fc00000,0x0000003f2fd00000)]
  0x000001b642cbbff0 JavaThread "http-nio-8080-Poller" daemon [_thread_in_native, id=21040, stack(0x0000003f2fe00000,0x0000003f2ff00000)]
  0x000001b643ac4a40 JavaThread "http-nio-8080-Acceptor" daemon [_thread_in_native, id=15688, stack(0x0000003f2ff00000,0x0000003f30000000)]
  0x000001b643ac3700 JavaThread "com.alibaba.nacos.naming.failover.0" daemon [_thread_blocked, id=17744, stack(0x0000003f30000000,0x0000003f30100000)]
  0x000001b643ac53e0 JavaThread "com.alibaba.nacos.client.naming.security.0" daemon [_thread_blocked, id=21380, stack(0x0000003f30500000,0x0000003f30600000)]
  0x000001b643772d00 JavaThread "com.alibaba.nacos.client.naming.grpc.redo.0" daemon [_thread_blocked, id=23448, stack(0x0000003f30600000,0x0000003f30700000)]
  0x000001b643773b70 JavaThread "com.alibaba.nacos.client.remote.worker.0" daemon [_thread_blocked, id=10276, stack(0x0000003f30700000,0x0000003f30800000)]
  0x000001b643774510 JavaThread "com.alibaba.nacos.client.remote.worker.1" daemon [_thread_blocked, id=12492, stack(0x0000003f30a00000,0x0000003f30b00000)]
  0x000001b643772360 JavaThread "grpc-nio-worker-ELG-1-7" daemon [_thread_in_native, id=2544, stack(0x0000003f30b00000,0x0000003f30c00000)]
  0x000001b67b7cb830 JavaThread "nioEventLoopGroup-21-1" [_thread_in_native, id=21808, stack(0x0000003f30f00000,0x0000003f31000000)]
  0x000001b643ac9a60 JavaThread "grpc-nio-worker-ELG-1-8" daemon [_thread_in_native, id=15236, stack(0x0000003f31100000,0x0000003f31200000)]
  0x000001b643b7f2f0 JavaThread "nioEventLoopGroup-22-1" [_thread_in_native, id=15672, stack(0x0000003f2b300000,0x0000003f2b400000)]
  0x000001b642c4d250 JavaThread "HikariPool-2 housekeeper" daemon [_thread_blocked, id=20968, stack(0x0000003f2c300000,0x0000003f2c400000)]
  0x000001b643aba070 JavaThread "nacos-grpc-client-executor-127.0.0.1-1277" daemon [_thread_blocked, id=24044, stack(0x0000003f27600000,0x0000003f27700000)]
  0x000001b643ab8d30 JavaThread "nacos-grpc-client-executor-127.0.0.1-635" daemon [_thread_blocked, id=25576, stack(0x0000003f2a300000,0x0000003f2a400000)]
  0x000001b643aca8d0 JavaThread "nacos-grpc-client-executor-127.0.0.1-1278" daemon [_thread_blocked, id=19364, stack(0x0000003f2aa00000,0x0000003f2ab00000)]
  0x000001b643ab8860 JavaThread "nacos-grpc-client-executor-127.0.0.1-636" daemon [_thread_blocked, id=23932, stack(0x0000003f29700000,0x0000003f29800000)]

Other Threads:
  0x000001b674093150 VMThread "VM Thread" [stack: 0x0000003f27e00000,0x0000003f27f00000] [id=14168]
  0x000001b6742cb810 WatcherThread [stack: 0x0000003f28e00000,0x0000003f28f00000] [id=18888]
  0x000001b65aedb8d0 GCTaskThread "GC Thread#0" [stack: 0x0000003f27900000,0x0000003f27a00000] [id=12460]
  0x000001b674aadbc0 GCTaskThread "GC Thread#1" [stack: 0x0000003f28f00000,0x0000003f29000000] [id=18788]
  0x000001b674c8e860 GCTaskThread "GC Thread#2" [stack: 0x0000003f29000000,0x0000003f29100000] [id=18724]
  0x000001b674c8eb10 GCTaskThread "GC Thread#3" [stack: 0x0000003f29100000,0x0000003f29200000] [id=18728]
  0x000001b674c8edc0 GCTaskThread "GC Thread#4" [stack: 0x0000003f29200000,0x0000003f29300000] [id=18732]
  0x000001b674cad2f0 GCTaskThread "GC Thread#5" [stack: 0x0000003f29300000,0x0000003f29400000] [id=18736]
  0x000001b67946c7f0 GCTaskThread "GC Thread#6" [stack: 0x0000003f29400000,0x0000003f29500000] [id=18784]
  0x000001b679813c80 GCTaskThread "GC Thread#7" [stack: 0x0000003f29a00000,0x0000003f29b00000] [id=17432]
  0x000001b6796df400 GCTaskThread "GC Thread#8" [stack: 0x0000003f29b00000,0x0000003f29c00000] [id=17436]
  0x000001b6796fb160 GCTaskThread "GC Thread#9" [stack: 0x0000003f29c00000,0x0000003f29d00000] [id=17448]
  0x000001b679830250 GCTaskThread "GC Thread#10" [stack: 0x0000003f29d00000,0x0000003f29e00000] [id=17440]
  0x000001b679831330 GCTaskThread "GC Thread#11" [stack: 0x0000003f29e00000,0x0000003f29f00000] [id=17452]
  0x000001b6798315e0 GCTaskThread "GC Thread#12" [stack: 0x0000003f29f00000,0x0000003f2a000000] [id=5992]
  0x000001b65aeecdf0 ConcurrentGCThread "G1 Main Marker" [stack: 0x0000003f27a00000,0x0000003f27b00000] [id=6176]
  0x000001b65aeed710 ConcurrentGCThread "G1 Conc#0" [stack: 0x0000003f27b00000,0x0000003f27c00000] [id=3456]
  0x000001b679915e10 ConcurrentGCThread "G1 Conc#1" [stack: 0x0000003f2a000000,0x0000003f2a100000] [id=9548]
  0x000001b6799160c0 ConcurrentGCThread "G1 Conc#2" [stack: 0x0000003f2a100000,0x0000003f2a200000] [id=17416]
  0x000001b65af2ebe0 ConcurrentGCThread "G1 Refine#0" [stack: 0x0000003f27c00000,0x0000003f27d00000] [id=4804]
  0x000001b67ae19bf0 ConcurrentGCThread "G1 Refine#1" [stack: 0x0000003f2fd00000,0x0000003f2fe00000] [id=17752]
  0x000001b673f50a40 ConcurrentGCThread "G1 Service" [stack: 0x0000003f27d00000,0x0000003f27e00000] [id=14388]

Threads with active compile tasks:

VM state: not at safepoint (normal execution)

VM Mutex/Monitor currently owned by a thread: None

Heap address: 0x0000000709400000, size: 3948 MB, Compressed Oops mode: Zero based, Oop shift amount: 3

CDS archive(s) mapped at: [0x000001b600000000-0x000001b600bd0000-0x000001b600bd0000), size 12386304, SharedBaseAddress: 0x000001b600000000, ArchiveRelocationMode: 1.
Compressed class space mapped at: 0x000001b601000000-0x000001b641000000, reserved size: 1073741824
Narrow klass base: 0x000001b600000000, Narrow klass shift: 0, Narrow klass range: 0x100000000

GC Precious Log:
 CPUs: 16 total, 16 available
 Memory: 15789M
 Large Page Support: Disabled
 NUMA Support: Disabled
 Compressed Oops: Enabled (Zero based)
 Heap Region Size: 2M
 Heap Min Capacity: 8M
 Heap Initial Capacity: 248M
 Heap Max Capacity: 3948M
 Pre-touch: Disabled
 Parallel Workers: 13
 Concurrent Workers: 3
 Concurrent Refinement Workers: 13
 Periodic GC: Disabled

Heap:
 garbage-first heap   total 464896K, used 227442K [0x0000000709400000, 0x0000000800000000)
  region size 2048K, 58 young (118784K), 8 survivors (16384K)
 Metaspace       used 87965K, committed 88704K, reserved 1179648K
  class space    used 10934K, committed 11328K, reserved 1048576K

Heap Regions: E=young(eden), S=young(survivor), O=old, HS=humongous(starts), HC=humongous(continues), CS=collection set, F=free, OA=open archive, CA=closed archive, TAMS=top-at-mark-start (previous, next)
|   0|0x0000000709400000, 0x0000000709600000, 0x0000000709600000|100%| O|  |TAMS 0x0000000709600000, 0x0000000709400000| Untracked 
|   1|0x0000000709600000, 0x0000000709800000, 0x0000000709800000|100%| O|  |TAMS 0x0000000709800000, 0x0000000709600000| Untracked 
|   2|0x0000000709800000, 0x0000000709a00000, 0x0000000709a00000|100%| O|  |TAMS 0x0000000709a00000, 0x0000000709800000| Untracked 
|   3|0x0000000709a00000, 0x0000000709bfffb8, 0x0000000709c00000| 99%| O|  |TAMS 0x0000000709bfffb8, 0x0000000709a00000| Untracked 
|   4|0x0000000709c00000, 0x0000000709e00000, 0x0000000709e00000|100%| O|  |TAMS 0x0000000709e00000, 0x0000000709c00000| Untracked 
|   5|0x0000000709e00000, 0x000000070a000000, 0x000000070a000000|100%| O|  |TAMS 0x0000000709e00000, 0x0000000709e00000| Untracked 
|   6|0x000000070a000000, 0x000000070a1ffbe0, 0x000000070a200000| 99%| O|  |TAMS 0x000000070a1ffbe0, 0x000000070a000000| Untracked 
|   7|0x000000070a200000, 0x000000070a400000, 0x000000070a400000|100%| O|  |TAMS 0x000000070a400000, 0x000000070a200000| Untracked 
|   8|0x000000070a400000, 0x000000070a5ffff0, 0x000000070a600000| 99%| O|  |TAMS 0x000000070a5ffff0, 0x000000070a400000| Untracked 
|   9|0x000000070a600000, 0x000000070a7ffff8, 0x000000070a800000| 99%| O|  |TAMS 0x000000070a7ffff8, 0x000000070a600000| Untracked 
|  10|0x000000070a800000, 0x000000070aa00000, 0x000000070aa00000|100%| O|  |TAMS 0x000000070aa00000, 0x000000070a800000| Untracked 
|  11|0x000000070aa00000, 0x000000070abffff8, 0x000000070ac00000| 99%| O|  |TAMS 0x000000070abffff8, 0x000000070aa00000| Untracked 
|  12|0x000000070ac00000, 0x000000070ae00000, 0x000000070ae00000|100%| O|  |TAMS 0x000000070ae00000, 0x000000070ac00000| Untracked 
|  13|0x000000070ae00000, 0x000000070affffc0, 0x000000070b000000| 99%| O|  |TAMS 0x000000070affffc0, 0x000000070ae00000| Untracked 
|  14|0x000000070b000000, 0x000000070b1fffd8, 0x000000070b200000| 99%| O|  |TAMS 0x000000070b000000, 0x000000070b000000| Untracked 
|  15|0x000000070b200000, 0x000000070b3ffc18, 0x000000070b400000| 99%| O|  |TAMS 0x000000070b200000, 0x000000070b200000| Untracked 
|  16|0x000000070b400000, 0x000000070b5ff858, 0x000000070b600000| 99%| O|  |TAMS 0x000000070b400000, 0x000000070b400000| Untracked 
|  17|0x000000070b600000, 0x000000070b7fffe0, 0x000000070b800000| 99%| O|  |TAMS 0x000000070b600000, 0x000000070b600000| Untracked 
|  18|0x000000070b800000, 0x000000070b9ffff0, 0x000000070ba00000| 99%| O|  |TAMS 0x000000070b800000, 0x000000070b800000| Untracked 
|  19|0x000000070ba00000, 0x000000070bbfffe0, 0x000000070bc00000| 99%| O|  |TAMS 0x000000070ba00000, 0x000000070ba00000| Untracked 
|  20|0x000000070bc00000, 0x000000070bdfffb8, 0x000000070be00000| 99%| O|  |TAMS 0x000000070bc00000, 0x000000070bc00000| Untracked 
|  21|0x000000070be00000, 0x000000070bfd06a0, 0x000000070c000000| 90%| O|  |TAMS 0x000000070be00000, 0x000000070be00000| Untracked 
|  22|0x000000070c000000, 0x000000070c1f4fc0, 0x000000070c200000| 97%| O|  |TAMS 0x000000070c000000, 0x000000070c000000| Untracked 
|  23|0x000000070c200000, 0x000000070c3975a0, 0x000000070c400000| 79%| O|  |TAMS 0x000000070c200000, 0x000000070c200000| Untracked 
|  24|0x000000070c400000, 0x000000070c600000, 0x000000070c600000|100%| O|  |TAMS 0x000000070c400000, 0x000000070c400000| Untracked 
|  25|0x000000070c600000, 0x000000070c800000, 0x000000070c800000|100%| O|  |TAMS 0x000000070c600000, 0x000000070c600000| Untracked 
|  26|0x000000070c800000, 0x000000070c97f720, 0x000000070ca00000| 74%| O|  |TAMS 0x000000070c800000, 0x000000070c800000| Untracked 
|  27|0x000000070ca00000, 0x000000070cb6fb80, 0x000000070cc00000| 71%| O|  |TAMS 0x000000070ca00000, 0x000000070ca00000| Untracked 
|  28|0x000000070cc00000, 0x000000070ce00000, 0x000000070ce00000|100%| O|  |TAMS 0x000000070cc00000, 0x000000070cc00000| Untracked 
|  29|0x000000070ce00000, 0x000000070ce3de90, 0x000000070d000000| 12%| O|  |TAMS 0x000000070ce00000, 0x000000070ce00000| Untracked 
|  30|0x000000070d000000, 0x000000070d027da8, 0x000000070d200000|  7%| O|  |TAMS 0x000000070d000000, 0x000000070d000000| Untracked 
|  31|0x000000070d200000, 0x000000070d364350, 0x000000070d400000| 69%| O|  |TAMS 0x000000070d200000, 0x000000070d200000| Untracked 
|  32|0x000000070d400000, 0x000000070d600000, 0x000000070d600000|100%| O|  |TAMS 0x000000070d400000, 0x000000070d400000| Untracked 
|  33|0x000000070d600000, 0x000000070d69ba90, 0x000000070d800000| 30%| O|  |TAMS 0x000000070d600000, 0x000000070d600000| Untracked 
|  34|0x000000070d800000, 0x000000070da00000, 0x000000070da00000|100%| O|  |TAMS 0x000000070d800000, 0x000000070d800000| Untracked 
|  35|0x000000070da00000, 0x000000070dc00000, 0x000000070dc00000|100%| O|  |TAMS 0x000000070da00000, 0x000000070da00000| Untracked 
|  36|0x000000070dc00000, 0x000000070de00000, 0x000000070de00000|100%| O|  |TAMS 0x000000070dc00000, 0x000000070dc00000| Untracked 
|  37|0x000000070de00000, 0x000000070e000000, 0x000000070e000000|100%| O|  |TAMS 0x000000070de00000, 0x000000070de00000| Untracked 
|  38|0x000000070e000000, 0x000000070e200000, 0x000000070e200000|100%| O|  |TAMS 0x000000070e000000, 0x000000070e000000| Untracked 
|  39|0x000000070e200000, 0x000000070e400000, 0x000000070e400000|100%| O|  |TAMS 0x000000070e200000, 0x000000070e200000| Untracked 
|  40|0x000000070e400000, 0x000000070e600000, 0x000000070e600000|100%| O|  |TAMS 0x000000070e400000, 0x000000070e400000| Untracked 
|  41|0x000000070e600000, 0x000000070e800000, 0x000000070e800000|100%| O|  |TAMS 0x000000070e600000, 0x000000070e600000| Untracked 
|  42|0x000000070e800000, 0x000000070ea00000, 0x000000070ea00000|100%| O|  |TAMS 0x000000070e800000, 0x000000070e800000| Untracked 
|  43|0x000000070ea00000, 0x000000070ec00000, 0x000000070ec00000|100%| O|  |TAMS 0x000000070ea00000, 0x000000070ea00000| Untracked 
|  44|0x000000070ec00000, 0x000000070ee00000, 0x000000070ee00000|100%| O|  |TAMS 0x000000070ec00000, 0x000000070ec00000| Untracked 
|  45|0x000000070ee00000, 0x000000070f000000, 0x000000070f000000|100%| O|  |TAMS 0x000000070ee00000, 0x000000070ee00000| Untracked 
|  46|0x000000070f000000, 0x000000070f200000, 0x000000070f200000|100%| O|  |TAMS 0x000000070f000000, 0x000000070f000000| Untracked 
|  47|0x000000070f200000, 0x000000070f400000, 0x000000070f400000|100%| O|  |TAMS 0x000000070f200000, 0x000000070f200000| Untracked 
|  48|0x000000070f400000, 0x000000070f600000, 0x000000070f600000|100%| O|  |TAMS 0x000000070f400000, 0x000000070f400000| Untracked 
|  49|0x000000070f600000, 0x000000070f800000, 0x000000070f800000|100%| O|  |TAMS 0x000000070f600000, 0x000000070f600000| Untracked 
|  50|0x000000070f800000, 0x000000070fa00000, 0x000000070fa00000|100%| O|  |TAMS 0x000000070f800000, 0x000000070f800000| Untracked 
|  51|0x000000070fa00000, 0x000000070fc00000, 0x000000070fc00000|100%| O|  |TAMS 0x000000070fa00000, 0x000000070fa00000| Untracked 
|  52|0x000000070fc00000, 0x000000070fe00000, 0x000000070fe00000|100%| O|  |TAMS 0x000000070fc00000, 0x000000070fc00000| Untracked 
|  53|0x000000070fe00000, 0x0000000710000000, 0x0000000710000000|100%| O|  |TAMS 0x000000070fe00000, 0x000000070fe00000| Untracked 
|  54|0x0000000710000000, 0x0000000710200000, 0x0000000710200000|100%| O|  |TAMS 0x0000000710000000, 0x0000000710000000| Untracked 
|  55|0x0000000710200000, 0x0000000710400000, 0x0000000710400000|100%| O|  |TAMS 0x0000000710200000, 0x0000000710200000| Untracked 
|  56|0x0000000710400000, 0x0000000710600000, 0x0000000710600000|100%| O|  |TAMS 0x0000000710400000, 0x0000000710400000| Untracked 
|  57|0x0000000710600000, 0x0000000710800000, 0x0000000710800000|100%| O|  |TAMS 0x0000000710600000, 0x0000000710600000| Untracked 
|  58|0x0000000710800000, 0x0000000710800000, 0x0000000710a00000|  0%| F|  |TAMS 0x0000000710800000, 0x0000000710800000| Untracked 
|  59|0x0000000710a00000, 0x0000000710a00000, 0x0000000710c00000|  0%| F|  |TAMS 0x0000000710a00000, 0x0000000710a00000| Untracked 
|  60|0x0000000710c00000, 0x0000000710c00000, 0x0000000710e00000|  0%| F|  |TAMS 0x0000000710c00000, 0x0000000710c00000| Untracked 
|  61|0x0000000710e00000, 0x0000000710e00000, 0x0000000711000000|  0%| F|  |TAMS 0x0000000710e00000, 0x0000000710e00000| Untracked 
|  62|0x0000000711000000, 0x0000000711000000, 0x0000000711200000|  0%| F|  |TAMS 0x0000000711000000, 0x0000000711000000| Untracked 
|  63|0x0000000711200000, 0x0000000711200000, 0x0000000711400000|  0%| F|  |TAMS 0x0000000711200000, 0x0000000711200000| Untracked 
|  64|0x0000000711400000, 0x0000000711400000, 0x0000000711600000|  0%| F|  |TAMS 0x0000000711400000, 0x0000000711400000| Untracked 
|  65|0x0000000711600000, 0x0000000711600000, 0x0000000711800000|  0%| F|  |TAMS 0x0000000711600000, 0x0000000711600000| Untracked 
|  66|0x0000000711800000, 0x0000000711800000, 0x0000000711a00000|  0%| F|  |TAMS 0x0000000711800000, 0x0000000711800000| Untracked 
|  67|0x0000000711a00000, 0x0000000711a00000, 0x0000000711c00000|  0%| F|  |TAMS 0x0000000711a00000, 0x0000000711a00000| Untracked 
|  68|0x0000000711c00000, 0x0000000711c00000, 0x0000000711e00000|  0%| F|  |TAMS 0x0000000711c00000, 0x0000000711c00000| Untracked 
|  69|0x0000000711e00000, 0x0000000711e00000, 0x0000000712000000|  0%| F|  |TAMS 0x0000000711e00000, 0x0000000711e00000| Untracked 
|  70|0x0000000712000000, 0x0000000712000000, 0x0000000712200000|  0%| F|  |TAMS 0x0000000712000000, 0x0000000712000000| Untracked 
|  71|0x0000000712200000, 0x0000000712200000, 0x0000000712400000|  0%| F|  |TAMS 0x0000000712200000, 0x0000000712200000| Untracked 
|  72|0x0000000712400000, 0x0000000712400000, 0x0000000712600000|  0%| F|  |TAMS 0x0000000712400000, 0x0000000712400000| Untracked 
|  73|0x0000000712600000, 0x0000000712600000, 0x0000000712800000|  0%| F|  |TAMS 0x0000000712600000, 0x0000000712600000| Untracked 
|  74|0x0000000712800000, 0x0000000712800000, 0x0000000712a00000|  0%| F|  |TAMS 0x0000000712800000, 0x0000000712800000| Untracked 
|  75|0x0000000712a00000, 0x0000000712a00000, 0x0000000712c00000|  0%| F|  |TAMS 0x0000000712a00000, 0x0000000712a00000| Untracked 
|  76|0x0000000712c00000, 0x0000000712c00000, 0x0000000712e00000|  0%| F|  |TAMS 0x0000000712c00000, 0x0000000712c00000| Untracked 
|  77|0x0000000712e00000, 0x0000000712e00000, 0x0000000713000000|  0%| F|  |TAMS 0x0000000712e00000, 0x0000000712e00000| Untracked 
|  78|0x0000000713000000, 0x0000000713000000, 0x0000000713200000|  0%| F|  |TAMS 0x0000000713000000, 0x0000000713000000| Untracked 
|  79|0x0000000713200000, 0x0000000713200000, 0x0000000713400000|  0%| F|  |TAMS 0x0000000713200000, 0x0000000713200000| Untracked 
|  80|0x0000000713400000, 0x0000000713400000, 0x0000000713600000|  0%| F|  |TAMS 0x0000000713400000, 0x0000000713400000| Untracked 
|  81|0x0000000713600000, 0x0000000713600000, 0x0000000713800000|  0%| F|  |TAMS 0x0000000713600000, 0x0000000713600000| Untracked 
|  82|0x0000000713800000, 0x0000000713800000, 0x0000000713a00000|  0%| F|  |TAMS 0x0000000713800000, 0x0000000713800000| Untracked 
|  83|0x0000000713a00000, 0x0000000713a00000, 0x0000000713c00000|  0%| F|  |TAMS 0x0000000713a00000, 0x0000000713a00000| Untracked 
|  84|0x0000000713c00000, 0x0000000713c00000, 0x0000000713e00000|  0%| F|  |TAMS 0x0000000713c00000, 0x0000000713c00000| Untracked 
|  85|0x0000000713e00000, 0x0000000713e00000, 0x0000000714000000|  0%| F|  |TAMS 0x0000000713e00000, 0x0000000713e00000| Untracked 
|  86|0x0000000714000000, 0x0000000714000000, 0x0000000714200000|  0%| F|  |TAMS 0x0000000714000000, 0x0000000714000000| Untracked 
|  87|0x0000000714200000, 0x0000000714200000, 0x0000000714400000|  0%| F|  |TAMS 0x0000000714200000, 0x0000000714200000| Untracked 
|  88|0x0000000714400000, 0x0000000714400000, 0x0000000714600000|  0%| F|  |TAMS 0x0000000714400000, 0x0000000714400000| Untracked 
|  89|0x0000000714600000, 0x0000000714600000, 0x0000000714800000|  0%| F|  |TAMS 0x0000000714600000, 0x0000000714600000| Untracked 
|  90|0x0000000714800000, 0x0000000714800000, 0x0000000714a00000|  0%| F|  |TAMS 0x0000000714800000, 0x0000000714800000| Untracked 
|  91|0x0000000714a00000, 0x0000000714a00000, 0x0000000714c00000|  0%| F|  |TAMS 0x0000000714a00000, 0x0000000714a00000| Untracked 
|  92|0x0000000714c00000, 0x0000000714c00000, 0x0000000714e00000|  0%| F|  |TAMS 0x0000000714c00000, 0x0000000714c00000| Untracked 
|  93|0x0000000714e00000, 0x0000000714e00000, 0x0000000715000000|  0%| F|  |TAMS 0x0000000714e00000, 0x0000000714e00000| Untracked 
|  94|0x0000000715000000, 0x0000000715000000, 0x0000000715200000|  0%| F|  |TAMS 0x0000000715000000, 0x0000000715000000| Untracked 
|  95|0x0000000715200000, 0x0000000715200000, 0x0000000715400000|  0%| F|  |TAMS 0x0000000715200000, 0x0000000715200000| Untracked 
|  96|0x0000000715400000, 0x0000000715400000, 0x0000000715600000|  0%| F|  |TAMS 0x0000000715400000, 0x0000000715400000| Untracked 
|  97|0x0000000715600000, 0x0000000715600000, 0x0000000715800000|  0%| F|  |TAMS 0x0000000715600000, 0x0000000715600000| Untracked 
|  98|0x0000000715800000, 0x0000000715800000, 0x0000000715a00000|  0%| F|  |TAMS 0x0000000715800000, 0x0000000715800000| Untracked 
|  99|0x0000000715a00000, 0x0000000715a00000, 0x0000000715c00000|  0%| F|  |TAMS 0x0000000715a00000, 0x0000000715a00000| Untracked 
| 100|0x0000000715c00000, 0x0000000715c00000, 0x0000000715e00000|  0%| F|  |TAMS 0x0000000715c00000, 0x0000000715c00000| Untracked 
| 101|0x0000000715e00000, 0x0000000715e00000, 0x0000000716000000|  0%| F|  |TAMS 0x0000000715e00000, 0x0000000715e00000| Untracked 
| 102|0x0000000716000000, 0x0000000716000000, 0x0000000716200000|  0%| F|  |TAMS 0x0000000716000000, 0x0000000716000000| Untracked 
| 103|0x0000000716200000, 0x0000000716200000, 0x0000000716400000|  0%| F|  |TAMS 0x0000000716200000, 0x0000000716200000| Untracked 
| 104|0x0000000716400000, 0x0000000716400000, 0x0000000716600000|  0%| F|  |TAMS 0x0000000716400000, 0x0000000716400000| Untracked 
| 105|0x0000000716600000, 0x0000000716600000, 0x0000000716800000|  0%| F|  |TAMS 0x0000000716600000, 0x0000000716600000| Untracked 
| 106|0x0000000716800000, 0x000000071696c440, 0x0000000716a00000| 71%| S|CS|TAMS 0x0000000716800000, 0x0000000716800000| Complete 
| 107|0x0000000716a00000, 0x0000000716c00000, 0x0000000716c00000|100%| S|CS|TAMS 0x0000000716a00000, 0x0000000716a00000| Complete 
| 108|0x0000000716c00000, 0x0000000716e00000, 0x0000000716e00000|100%| S|CS|TAMS 0x0000000716c00000, 0x0000000716c00000| Complete 
| 109|0x0000000716e00000, 0x0000000716e00000, 0x0000000717000000|  0%| F|  |TAMS 0x0000000716e00000, 0x0000000716e00000| Untracked 
| 110|0x0000000717000000, 0x0000000717000000, 0x0000000717200000|  0%| F|  |TAMS 0x0000000717000000, 0x0000000717000000| Untracked 
| 111|0x0000000717200000, 0x0000000717200000, 0x0000000717400000|  0%| F|  |TAMS 0x0000000717200000, 0x0000000717200000| Untracked 
| 112|0x0000000717400000, 0x0000000717400000, 0x0000000717600000|  0%| F|  |TAMS 0x0000000717400000, 0x0000000717400000| Untracked 
| 113|0x0000000717600000, 0x0000000717600000, 0x0000000717800000|  0%| F|  |TAMS 0x0000000717600000, 0x0000000717600000| Untracked 
| 114|0x0000000717800000, 0x0000000717800000, 0x0000000717a00000|  0%| F|  |TAMS 0x0000000717800000, 0x0000000717800000| Untracked 
| 115|0x0000000717a00000, 0x0000000717c00000, 0x0000000717c00000|100%| S|CS|TAMS 0x0000000717a00000, 0x0000000717a00000| Complete 
| 116|0x0000000717c00000, 0x0000000717e00000, 0x0000000717e00000|100%| S|CS|TAMS 0x0000000717c00000, 0x0000000717c00000| Complete 
| 117|0x0000000717e00000, 0x0000000718000000, 0x0000000718000000|100%| S|CS|TAMS 0x0000000717e00000, 0x0000000717e00000| Complete 
| 118|0x0000000718000000, 0x0000000718200000, 0x0000000718200000|100%| S|CS|TAMS 0x0000000718000000, 0x0000000718000000| Complete 
| 119|0x0000000718200000, 0x0000000718400000, 0x0000000718400000|100%| S|CS|TAMS 0x0000000718200000, 0x0000000718200000| Complete 
| 120|0x0000000718400000, 0x0000000718400000, 0x0000000718600000|  0%| F|  |TAMS 0x0000000718400000, 0x0000000718400000| Untracked 
| 121|0x0000000718600000, 0x0000000718600000, 0x0000000718800000|  0%| F|  |TAMS 0x0000000718600000, 0x0000000718600000| Untracked 
| 122|0x0000000718800000, 0x0000000718800000, 0x0000000718a00000|  0%| F|  |TAMS 0x0000000718800000, 0x0000000718800000| Untracked 
| 123|0x0000000718a00000, 0x0000000718a00000, 0x0000000718c00000|  0%| F|  |TAMS 0x0000000718a00000, 0x0000000718a00000| Untracked 
| 124|0x0000000718c00000, 0x0000000718c00000, 0x0000000718e00000|  0%| F|  |TAMS 0x0000000718c00000, 0x0000000718c00000| Untracked 
| 125|0x0000000718e00000, 0x0000000718e00000, 0x0000000719000000|  0%| F|  |TAMS 0x0000000718e00000, 0x0000000718e00000| Untracked 
| 126|0x0000000719000000, 0x0000000719000000, 0x0000000719200000|  0%| F|  |TAMS 0x0000000719000000, 0x0000000719000000| Untracked 
| 127|0x0000000719200000, 0x0000000719200000, 0x0000000719400000|  0%| F|  |TAMS 0x0000000719200000, 0x0000000719200000| Untracked 
| 128|0x0000000719400000, 0x0000000719400000, 0x0000000719600000|  0%| F|  |TAMS 0x0000000719400000, 0x0000000719400000| Untracked 
| 129|0x0000000719600000, 0x0000000719600000, 0x0000000719800000|  0%| F|  |TAMS 0x0000000719600000, 0x0000000719600000| Untracked 
| 130|0x0000000719800000, 0x0000000719800000, 0x0000000719a00000|  0%| F|  |TAMS 0x0000000719800000, 0x0000000719800000| Untracked 
| 131|0x0000000719a00000, 0x0000000719a00000, 0x0000000719c00000|  0%| F|  |TAMS 0x0000000719a00000, 0x0000000719a00000| Untracked 
| 132|0x0000000719c00000, 0x0000000719c00000, 0x0000000719e00000|  0%| F|  |TAMS 0x0000000719c00000, 0x0000000719c00000| Untracked 
| 133|0x0000000719e00000, 0x0000000719e00000, 0x000000071a000000|  0%| F|  |TAMS 0x0000000719e00000, 0x0000000719e00000| Untracked 
| 134|0x000000071a000000, 0x000000071a000000, 0x000000071a200000|  0%| F|  |TAMS 0x000000071a000000, 0x000000071a000000| Untracked 
| 135|0x000000071a200000, 0x000000071a200000, 0x000000071a400000|  0%| F|  |TAMS 0x000000071a200000, 0x000000071a200000| Untracked 
| 136|0x000000071a400000, 0x000000071a400000, 0x000000071a600000|  0%| F|  |TAMS 0x000000071a400000, 0x000000071a400000| Untracked 
| 137|0x000000071a600000, 0x000000071a600000, 0x000000071a800000|  0%| F|  |TAMS 0x000000071a600000, 0x000000071a600000| Untracked 
| 138|0x000000071a800000, 0x000000071a800000, 0x000000071aa00000|  0%| F|  |TAMS 0x000000071a800000, 0x000000071a800000| Untracked 
| 139|0x000000071aa00000, 0x000000071aa00000, 0x000000071ac00000|  0%| F|  |TAMS 0x000000071aa00000, 0x000000071aa00000| Untracked 
| 140|0x000000071ac00000, 0x000000071ac00000, 0x000000071ae00000|  0%| F|  |TAMS 0x000000071ac00000, 0x000000071ac00000| Untracked 
| 141|0x000000071ae00000, 0x000000071ae00000, 0x000000071b000000|  0%| F|  |TAMS 0x000000071ae00000, 0x000000071ae00000| Untracked 
| 142|0x000000071b000000, 0x000000071b000000, 0x000000071b200000|  0%| F|  |TAMS 0x000000071b000000, 0x000000071b000000| Untracked 
| 143|0x000000071b200000, 0x000000071b200000, 0x000000071b400000|  0%| F|  |TAMS 0x000000071b200000, 0x000000071b200000| Untracked 
| 144|0x000000071b400000, 0x000000071b400000, 0x000000071b600000|  0%| F|  |TAMS 0x000000071b400000, 0x000000071b400000| Untracked 
| 145|0x000000071b600000, 0x000000071b600000, 0x000000071b800000|  0%| F|  |TAMS 0x000000071b600000, 0x000000071b600000| Untracked 
| 146|0x000000071b800000, 0x000000071b800000, 0x000000071ba00000|  0%| F|  |TAMS 0x000000071b800000, 0x000000071b800000| Untracked 
| 147|0x000000071ba00000, 0x000000071ba00000, 0x000000071bc00000|  0%| F|  |TAMS 0x000000071ba00000, 0x000000071ba00000| Untracked 
| 148|0x000000071bc00000, 0x000000071bc00000, 0x000000071be00000|  0%| F|  |TAMS 0x000000071bc00000, 0x000000071bc00000| Untracked 
| 149|0x000000071be00000, 0x000000071be00000, 0x000000071c000000|  0%| F|  |TAMS 0x000000071be00000, 0x000000071be00000| Untracked 
| 150|0x000000071c000000, 0x000000071c000000, 0x000000071c200000|  0%| F|  |TAMS 0x000000071c000000, 0x000000071c000000| Untracked 
| 151|0x000000071c200000, 0x000000071c200000, 0x000000071c400000|  0%| F|  |TAMS 0x000000071c200000, 0x000000071c200000| Untracked 
| 152|0x000000071c400000, 0x000000071c400000, 0x000000071c600000|  0%| F|  |TAMS 0x000000071c400000, 0x000000071c400000| Untracked 
| 153|0x000000071c600000, 0x000000071c600000, 0x000000071c800000|  0%| F|  |TAMS 0x000000071c600000, 0x000000071c600000| Untracked 
| 154|0x000000071c800000, 0x000000071c800000, 0x000000071ca00000|  0%| F|  |TAMS 0x000000071c800000, 0x000000071c800000| Untracked 
| 155|0x000000071ca00000, 0x000000071ca00000, 0x000000071cc00000|  0%| F|  |TAMS 0x000000071ca00000, 0x000000071ca00000| Untracked 
| 156|0x000000071cc00000, 0x000000071cc00000, 0x000000071ce00000|  0%| F|  |TAMS 0x000000071cc00000, 0x000000071cc00000| Untracked 
| 157|0x000000071ce00000, 0x000000071ce00000, 0x000000071d000000|  0%| F|  |TAMS 0x000000071ce00000, 0x000000071ce00000| Untracked 
| 158|0x000000071d000000, 0x000000071d000000, 0x000000071d200000|  0%| F|  |TAMS 0x000000071d000000, 0x000000071d000000| Untracked 
| 159|0x000000071d200000, 0x000000071d200000, 0x000000071d400000|  0%| F|  |TAMS 0x000000071d200000, 0x000000071d200000| Untracked 
| 160|0x000000071d400000, 0x000000071d400000, 0x000000071d600000|  0%| F|  |TAMS 0x000000071d400000, 0x000000071d400000| Untracked 
| 161|0x000000071d600000, 0x000000071d600000, 0x000000071d800000|  0%| F|  |TAMS 0x000000071d600000, 0x000000071d600000| Untracked 
| 162|0x000000071d800000, 0x000000071d800000, 0x000000071da00000|  0%| F|  |TAMS 0x000000071d800000, 0x000000071d800000| Untracked 
| 163|0x000000071da00000, 0x000000071da00000, 0x000000071dc00000|  0%| F|  |TAMS 0x000000071da00000, 0x000000071da00000| Untracked 
| 164|0x000000071dc00000, 0x000000071dc00000, 0x000000071de00000|  0%| F|  |TAMS 0x000000071dc00000, 0x000000071dc00000| Untracked 
| 165|0x000000071de00000, 0x000000071de00000, 0x000000071e000000|  0%| F|  |TAMS 0x000000071de00000, 0x000000071de00000| Untracked 
| 166|0x000000071e000000, 0x000000071e000000, 0x000000071e200000|  0%| F|  |TAMS 0x000000071e000000, 0x000000071e000000| Untracked 
| 167|0x000000071e200000, 0x000000071e200000, 0x000000071e400000|  0%| F|  |TAMS 0x000000071e200000, 0x000000071e200000| Untracked 
| 168|0x000000071e400000, 0x000000071e400000, 0x000000071e600000|  0%| F|  |TAMS 0x000000071e400000, 0x000000071e400000| Untracked 
| 169|0x000000071e600000, 0x000000071e600000, 0x000000071e800000|  0%| F|  |TAMS 0x000000071e600000, 0x000000071e600000| Untracked 
| 170|0x000000071e800000, 0x000000071e800000, 0x000000071ea00000|  0%| F|  |TAMS 0x000000071e800000, 0x000000071e800000| Untracked 
| 171|0x000000071ea00000, 0x000000071ea00000, 0x000000071ec00000|  0%| F|  |TAMS 0x000000071ea00000, 0x000000071ea00000| Untracked 
| 172|0x000000071ec00000, 0x000000071ec00000, 0x000000071ee00000|  0%| F|  |TAMS 0x000000071ec00000, 0x000000071ec00000| Untracked 
| 173|0x000000071ee00000, 0x000000071ee00000, 0x000000071f000000|  0%| F|  |TAMS 0x000000071ee00000, 0x000000071ee00000| Untracked 
| 174|0x000000071f000000, 0x000000071f000000, 0x000000071f200000|  0%| F|  |TAMS 0x000000071f000000, 0x000000071f000000| Untracked 
| 175|0x000000071f200000, 0x000000071f200000, 0x000000071f400000|  0%| F|  |TAMS 0x000000071f200000, 0x000000071f200000| Untracked 
| 176|0x000000071f400000, 0x000000071f400000, 0x000000071f600000|  0%| F|  |TAMS 0x000000071f400000, 0x000000071f400000| Untracked 
| 177|0x000000071f600000, 0x000000071f783fd8, 0x000000071f800000| 75%| E|  |TAMS 0x000000071f600000, 0x000000071f600000| Complete 
| 178|0x000000071f800000, 0x000000071fa00000, 0x000000071fa00000|100%| E|CS|TAMS 0x000000071f800000, 0x000000071f800000| Complete 
| 179|0x000000071fa00000, 0x000000071fc00000, 0x000000071fc00000|100%| E|CS|TAMS 0x000000071fa00000, 0x000000071fa00000| Complete 
| 180|0x000000071fc00000, 0x000000071fe00000, 0x000000071fe00000|100%| E|CS|TAMS 0x000000071fc00000, 0x000000071fc00000| Complete 
| 181|0x000000071fe00000, 0x0000000720000000, 0x0000000720000000|100%| E|CS|TAMS 0x000000071fe00000, 0x000000071fe00000| Complete 
| 182|0x0000000720000000, 0x0000000720200000, 0x0000000720200000|100%| E|CS|TAMS 0x0000000720000000, 0x0000000720000000| Complete 
| 183|0x0000000720200000, 0x0000000720400000, 0x0000000720400000|100%| E|CS|TAMS 0x0000000720200000, 0x0000000720200000| Complete 
| 184|0x0000000720400000, 0x0000000720600000, 0x0000000720600000|100%| E|CS|TAMS 0x0000000720400000, 0x0000000720400000| Complete 
| 185|0x0000000720600000, 0x0000000720800000, 0x0000000720800000|100%| E|CS|TAMS 0x0000000720600000, 0x0000000720600000| Complete 
| 186|0x0000000720800000, 0x0000000720a00000, 0x0000000720a00000|100%| E|CS|TAMS 0x0000000720800000, 0x0000000720800000| Complete 
| 187|0x0000000720a00000, 0x0000000720c00000, 0x0000000720c00000|100%| E|CS|TAMS 0x0000000720a00000, 0x0000000720a00000| Complete 
| 188|0x0000000720c00000, 0x0000000720e00000, 0x0000000720e00000|100%| E|CS|TAMS 0x0000000720c00000, 0x0000000720c00000| Complete 
| 189|0x0000000720e00000, 0x0000000721000000, 0x0000000721000000|100%| E|CS|TAMS 0x0000000720e00000, 0x0000000720e00000| Complete 
| 190|0x0000000721000000, 0x0000000721200000, 0x0000000721200000|100%| E|CS|TAMS 0x0000000721000000, 0x0000000721000000| Complete 
| 191|0x0000000721200000, 0x0000000721400000, 0x0000000721400000|100%| E|CS|TAMS 0x0000000721200000, 0x0000000721200000| Complete 
| 192|0x0000000721400000, 0x0000000721600000, 0x0000000721600000|100%| E|CS|TAMS 0x0000000721400000, 0x0000000721400000| Complete 
| 193|0x0000000721600000, 0x0000000721800000, 0x0000000721800000|100%| E|CS|TAMS 0x0000000721600000, 0x0000000721600000| Complete 
| 194|0x0000000721800000, 0x0000000721a00000, 0x0000000721a00000|100%| E|CS|TAMS 0x0000000721800000, 0x0000000721800000| Complete 
| 195|0x0000000721a00000, 0x0000000721c00000, 0x0000000721c00000|100%| E|CS|TAMS 0x0000000721a00000, 0x0000000721a00000| Complete 
| 196|0x0000000721c00000, 0x0000000721e00000, 0x0000000721e00000|100%| E|CS|TAMS 0x0000000721c00000, 0x0000000721c00000| Complete 
| 197|0x0000000721e00000, 0x0000000722000000, 0x0000000722000000|100%| E|CS|TAMS 0x0000000721e00000, 0x0000000721e00000| Complete 
| 198|0x0000000722000000, 0x0000000722200000, 0x0000000722200000|100%| E|CS|TAMS 0x0000000722000000, 0x0000000722000000| Complete 
| 199|0x0000000722200000, 0x0000000722400000, 0x0000000722400000|100%| E|CS|TAMS 0x0000000722200000, 0x0000000722200000| Complete 
| 200|0x0000000722400000, 0x0000000722600000, 0x0000000722600000|100%| E|CS|TAMS 0x0000000722400000, 0x0000000722400000| Complete 
| 201|0x0000000722600000, 0x0000000722800000, 0x0000000722800000|100%| E|CS|TAMS 0x0000000722600000, 0x0000000722600000| Complete 
| 202|0x0000000722800000, 0x0000000722a00000, 0x0000000722a00000|100%| E|CS|TAMS 0x0000000722800000, 0x0000000722800000| Complete 
| 203|0x0000000722a00000, 0x0000000722c00000, 0x0000000722c00000|100%| E|CS|TAMS 0x0000000722a00000, 0x0000000722a00000| Complete 
| 204|0x0000000722c00000, 0x0000000722e00000, 0x0000000722e00000|100%| E|CS|TAMS 0x0000000722c00000, 0x0000000722c00000| Complete 
| 205|0x0000000722e00000, 0x0000000723000000, 0x0000000723000000|100%| E|CS|TAMS 0x0000000722e00000, 0x0000000722e00000| Complete 
| 206|0x0000000723000000, 0x0000000723200000, 0x0000000723200000|100%| E|CS|TAMS 0x0000000723000000, 0x0000000723000000| Complete 
| 207|0x0000000723200000, 0x0000000723400000, 0x0000000723400000|100%| E|CS|TAMS 0x0000000723200000, 0x0000000723200000| Complete 
| 208|0x0000000723400000, 0x0000000723600000, 0x0000000723600000|100%| E|CS|TAMS 0x0000000723400000, 0x0000000723400000| Complete 
| 209|0x0000000723600000, 0x0000000723800000, 0x0000000723800000|100%| E|CS|TAMS 0x0000000723600000, 0x0000000723600000| Complete 
| 210|0x0000000723800000, 0x0000000723a00000, 0x0000000723a00000|100%| E|CS|TAMS 0x0000000723800000, 0x0000000723800000| Complete 
| 211|0x0000000723a00000, 0x0000000723c00000, 0x0000000723c00000|100%| E|CS|TAMS 0x0000000723a00000, 0x0000000723a00000| Complete 
| 212|0x0000000723c00000, 0x0000000723e00000, 0x0000000723e00000|100%| E|CS|TAMS 0x0000000723c00000, 0x0000000723c00000| Complete 
| 213|0x0000000723e00000, 0x0000000724000000, 0x0000000724000000|100%| E|CS|TAMS 0x0000000723e00000, 0x0000000723e00000| Complete 
| 214|0x0000000724000000, 0x0000000724200000, 0x0000000724200000|100%| E|CS|TAMS 0x0000000724000000, 0x0000000724000000| Complete 
| 215|0x0000000724200000, 0x0000000724400000, 0x0000000724400000|100%| E|CS|TAMS 0x0000000724200000, 0x0000000724200000| Complete 
| 216|0x0000000724400000, 0x0000000724600000, 0x0000000724600000|100%| E|CS|TAMS 0x0000000724400000, 0x0000000724400000| Complete 
| 217|0x0000000724600000, 0x0000000724800000, 0x0000000724800000|100%| E|CS|TAMS 0x0000000724600000, 0x0000000724600000| Complete 
| 218|0x0000000724800000, 0x0000000724a00000, 0x0000000724a00000|100%| E|CS|TAMS 0x0000000724800000, 0x0000000724800000| Complete 
| 219|0x0000000724a00000, 0x0000000724c00000, 0x0000000724c00000|100%| E|CS|TAMS 0x0000000724a00000, 0x0000000724a00000| Complete 
| 220|0x0000000724c00000, 0x0000000724e00000, 0x0000000724e00000|100%| E|CS|TAMS 0x0000000724c00000, 0x0000000724c00000| Complete 
| 221|0x0000000724e00000, 0x0000000725000000, 0x0000000725000000|100%| E|CS|TAMS 0x0000000724e00000, 0x0000000724e00000| Complete 
| 222|0x0000000725000000, 0x0000000725200000, 0x0000000725200000|100%| E|CS|TAMS 0x0000000725000000, 0x0000000725000000| Complete 
| 223|0x0000000725200000, 0x0000000725400000, 0x0000000725400000|100%| E|CS|TAMS 0x0000000725200000, 0x0000000725200000| Complete 
| 224|0x0000000725400000, 0x0000000725600000, 0x0000000725600000|100%| E|CS|TAMS 0x0000000725400000, 0x0000000725400000| Complete 
| 225|0x0000000725600000, 0x0000000725800000, 0x0000000725800000|100%| E|CS|TAMS 0x0000000725600000, 0x0000000725600000| Complete 
| 226|0x0000000725800000, 0x0000000725a00000, 0x0000000725a00000|100%| E|CS|TAMS 0x0000000725800000, 0x0000000725800000| Complete 

Card table byte_map: [0x000001b668520000,0x000001b668ce0000] _byte_map_base: 0x000001b664cd6000

Marking Bits (Prev, Next): (CMBitMap*) 0x000001b65aedbdf0, (CMBitMap*) 0x000001b65aedbe30
 Prev Bits: [0x000001b6694a0000, 0x000001b66d250000)
 Next Bits: [0x000001b66d250000, 0x000001b671000000)

Polling page: 0x000001b65af30000

Metaspace:

Usage:
  Non-class:     75.23 MB used.
      Class:     10.68 MB used.
       Both:     85.90 MB used.

Virtual space:
  Non-class space:      128.00 MB reserved,      75.56 MB ( 59%) committed,  2 nodes.
      Class space:        1.00 GB reserved,      11.06 MB (  1%) committed,  1 nodes.
             Both:        1.12 GB reserved,      86.62 MB (  8%) committed. 

Chunk freelists:
   Non-Class:  3.51 MB
       Class:  4.98 MB
        Both:  8.50 MB

MaxMetaspaceSize: unlimited
CompressedClassSpaceSize: 1.00 GB
Initial GC threshold: 21.00 MB
Current GC threshold: 142.62 MB
CDS: on
MetaspaceReclaimPolicy: balanced
 - commit_granule_bytes: 65536.
 - commit_granule_words: 8192.
 - virtual_space_node_default_size: 8388608.
 - enlarge_chunks_in_place: 1.
 - new_chunks_are_fully_committed: 0.
 - uncommit_free_chunks: 1.
 - use_allocation_guard: 0.
 - handle_deallocations: 1.


Internal statistics:

num_allocs_failed_limit: 6.
num_arena_births: 1550.
num_arena_deaths: 478.
num_vsnodes_births: 3.
num_vsnodes_deaths: 0.
num_space_committed: 1384.
num_space_uncommitted: 0.
num_chunks_returned_to_freelist: 593.
num_chunks_taken_from_freelist: 5054.
num_chunk_merges: 181.
num_chunk_splits: 3257.
num_chunks_enlarged: 2261.
num_purges: 8.
num_inconsistent_stats: 0.

CodeCache: size=49152Kb used=28816Kb max_used=31952Kb free=20335Kb
 bounds [0x000001b663f10000, 0x000001b665e50000, 0x000001b666f10000]
 total_blobs=16651 nmethods=15764 adapters=812
 compilation: enabled
              stopped_count=0, restarted_count=0
 full_count=0

Compilation events (20 events):
Event: 6290.176 Thread 0x000001b67b7f1710 15945       1       sun.security.ssl.ContentType::valueOf (39 bytes)
Event: 6290.176 Thread 0x000001b642bde590 nmethod 15943 0x000001b665b81e10 code [0x000001b665b81fa0, 0x000001b665b820a8]
Event: 6290.176 Thread 0x000001b642bde590 15946       1       sun.security.ssl.HandshakeHash$T13HandshakeHash::update (13 bytes)
Event: 6290.176 Thread 0x000001b67b7f1710 nmethod 15945 0x000001b665b81990 code [0x000001b665b81b40, 0x000001b665b81cc8]
Event: 6290.176 Thread 0x000001b642bde590 nmethod 15946 0x000001b665b81690 code [0x000001b665b81820, 0x000001b665b81908]
Event: 6290.176 Thread 0x000001b67b7f1710 15947       1       sun.security.ssl.HandshakeHash$CloneableHash::update (11 bytes)
Event: 6290.177 Thread 0x000001b67b7f1710 nmethod 15947 0x000001b665b81310 code [0x000001b665b814a0, 0x000001b665b81588]
Event: 6290.178 Thread 0x000001b67b7f1710 15948   !   1       sun.security.ssl.SSLSecretDerivation::createHkdfInfo (53 bytes)
Event: 6290.178 Thread 0x000001b67411a900 nmethod 15944 0x000001b665b7f410 code [0x000001b665b7f800, 0x000001b665b80a38]
Event: 6290.179 Thread 0x000001b67b7f1710 nmethod 15948 0x000001b665b7e690 code [0x000001b665b7e8a0, 0x000001b665b7ee58]
Event: 6290.180 Thread 0x000001b67b7f1710 15949       1       com.mysql.cj.protocol.a.NativeServerSession::getServerVariable (14 bytes)
Event: 6290.180 Thread 0x000001b67b7f1710 nmethod 15949 0x000001b665b7e310 code [0x000001b665b7e4a0, 0x000001b665b7e5c8]
Event: 6290.180 Thread 0x000001b67b7f1710 15950       1       java.util.LinkedList$LLSpliterator::characteristics (4 bytes)
Event: 6290.180 Thread 0x000001b67b7f1710 nmethod 15950 0x000001b665b7e010 code [0x000001b665b7e1a0, 0x000001b665b7e278]
Event: 6317.670 Thread 0x000001b67411a900 15951       1       com.alibaba.nacos.shaded.com.google.gson.internal.$Gson$Types$ParameterizedTypeImpl::getRawType (5 bytes)
Event: 6317.670 Thread 0x000001b67411a900 nmethod 15951 0x000001b665b7dd10 code [0x000001b665b7dea0, 0x000001b665b7df78]
Event: 6356.661 Thread 0x000001b67411a900 15952       1       io.netty.buffer.WrappedByteBuf::readerIndex (8 bytes)
Event: 6356.661 Thread 0x000001b67411a900 nmethod 15952 0x000001b665b7da10 code [0x000001b665b7dba0, 0x000001b665b7dc88]
Event: 6446.956 Thread 0x000001b67411a900 15953       1       java.util.concurrent.atomic.AtomicReference::getAndSet (9 bytes)
Event: 6446.957 Thread 0x000001b67411a900 nmethod 15953 0x000001b665b7d190 code [0x000001b665b7d380, 0x000001b665b7d7f8]

GC Heap History (20 events):
Event: 3161.695 GC heap before
{Heap before GC invocations=49 (full 1):
 garbage-first heap   total 419840K, used 309405K [0x0000000709400000, 0x0000000800000000)
  region size 2048K, 119 young (243712K), 5 survivors (10240K)
 Metaspace       used 86807K, committed 87616K, reserved 1179648K
  class space    used 10845K, committed 11264K, reserved 1048576K
}
Event: 3161.703 GC heap after
{Heap after GC invocations=50 (full 1):
 garbage-first heap   total 419840K, used 87518K [0x0000000709400000, 0x0000000800000000)
  region size 2048K, 10 young (20480K), 10 survivors (20480K)
 Metaspace       used 86807K, committed 87616K, reserved 1179648K
  class space    used 10845K, committed 11264K, reserved 1048576K
}
Event: 3163.799 GC heap before
{Heap before GC invocations=50 (full 1):
 garbage-first heap   total 419840K, used 208350K [0x0000000709400000, 0x0000000800000000)
  region size 2048K, 71 young (145408K), 10 survivors (20480K)
 Metaspace       used 86835K, committed 87616K, reserved 1179648K
  class space    used 10853K, committed 11264K, reserved 1048576K
}
Event: 3163.869 GC heap after
{Heap after GC invocations=51 (full 2):
 garbage-first heap   total 212992K, used 56001K [0x0000000709400000, 0x0000000800000000)
  region size 2048K, 0 young (0K), 0 survivors (0K)
 Metaspace       used 86737K, committed 87616K, reserved 1179648K
  class space    used 10832K, committed 11264K, reserved 1048576K
}
Event: 3165.407 GC heap before
{Heap before GC invocations=51 (full 2):
 garbage-first heap   total 212992K, used 150209K [0x0000000709400000, 0x0000000800000000)
  region size 2048K, 47 young (96256K), 0 survivors (0K)
 Metaspace       used 87016K, committed 87744K, reserved 1179648K
  class space    used 10877K, committed 11264K, reserved 1048576K
}
Event: 3165.411 GC heap after
{Heap after GC invocations=52 (full 2):
 garbage-first heap   total 212992K, used 64020K [0x0000000709400000, 0x0000000800000000)
  region size 2048K, 4 young (8192K), 4 survivors (8192K)
 Metaspace       used 87016K, committed 87744K, reserved 1179648K
  class space    used 10877K, committed 11264K, reserved 1048576K
}
Event: 3166.136 GC heap before
{Heap before GC invocations=52 (full 2):
 garbage-first heap   total 212992K, used 154132K [0x0000000709400000, 0x0000000800000000)
  region size 2048K, 48 young (98304K), 4 survivors (8192K)
 Metaspace       used 87456K, committed 88192K, reserved 1179648K
  class space    used 10908K, committed 11264K, reserved 1048576K
}
Event: 3166.140 GC heap after
{Heap after GC invocations=53 (full 2):
 garbage-first heap   total 212992K, used 68134K [0x0000000709400000, 0x0000000800000000)
  region size 2048K, 4 young (8192K), 4 survivors (8192K)
 Metaspace       used 87456K, committed 88192K, reserved 1179648K
  class space    used 10908K, committed 11264K, reserved 1048576K
}
Event: 3166.419 GC heap before
{Heap before GC invocations=53 (full 2):
 garbage-first heap   total 212992K, used 152102K [0x0000000709400000, 0x0000000800000000)
  region size 2048K, 46 young (94208K), 4 survivors (8192K)
 Metaspace       used 87926K, committed 88704K, reserved 1179648K
  class space    used 10928K, committed 11328K, reserved 1048576K
}
Event: 3166.425 GC heap after
{Heap after GC invocations=54 (full 2):
 garbage-first heap   total 212992K, used 78237K [0x0000000709400000, 0x0000000800000000)
  region size 2048K, 6 young (12288K), 6 survivors (12288K)
 Metaspace       used 87926K, committed 88704K, reserved 1179648K
  class space    used 10928K, committed 11328K, reserved 1048576K
}
Event: 3166.482 GC heap before
{Heap before GC invocations=54 (full 2):
 garbage-first heap   total 212992K, used 154013K [0x0000000709400000, 0x0000000800000000)
  region size 2048K, 44 young (90112K), 6 survivors (12288K)
 Metaspace       used 87933K, committed 88704K, reserved 1179648K
  class space    used 10929K, committed 11328K, reserved 1048576K
}
Event: 3166.494 GC heap after
{Heap after GC invocations=55 (full 2):
 garbage-first heap   total 212992K, used 96491K [0x0000000709400000, 0x0000000800000000)
  region size 2048K, 6 young (12288K), 6 survivors (12288K)
 Metaspace       used 87933K, committed 88704K, reserved 1179648K
  class space    used 10929K, committed 11328K, reserved 1048576K
}
Event: 3166.542 GC heap before
{Heap before GC invocations=55 (full 2):
 garbage-first heap   total 212992K, used 151787K [0x0000000709400000, 0x0000000800000000)
  region size 2048K, 34 young (69632K), 6 survivors (12288K)
 Metaspace       used 87933K, committed 88704K, reserved 1179648K
  class space    used 10929K, committed 11328K, reserved 1048576K
}
Event: 3166.552 GC heap after
{Heap after GC invocations=56 (full 2):
 garbage-first heap   total 464896K, used 111944K [0x0000000709400000, 0x0000000800000000)
  region size 2048K, 5 young (10240K), 5 survivors (10240K)
 Metaspace       used 87933K, committed 88704K, reserved 1179648K
  class space    used 10929K, committed 11328K, reserved 1048576K
}
Event: 3245.254 GC heap before
{Heap before GC invocations=56 (full 2):
 garbage-first heap   total 464896K, used 314696K [0x0000000709400000, 0x0000000800000000)
  region size 2048K, 105 young (215040K), 5 survivors (10240K)
 Metaspace       used 87963K, committed 88704K, reserved 1179648K
  class space    used 10934K, committed 11328K, reserved 1048576K
}
Event: 3245.266 GC heap after
{Heap after GC invocations=57 (full 2):
 garbage-first heap   total 464896K, used 125953K [0x0000000709400000, 0x0000000800000000)
  region size 2048K, 12 young (24576K), 12 survivors (24576K)
 Metaspace       used 87963K, committed 88704K, reserved 1179648K
  class space    used 10934K, committed 11328K, reserved 1048576K
}
Event: 4518.979 GC heap before
{Heap before GC invocations=57 (full 2):
 garbage-first heap   total 464896K, used 326657K [0x0000000709400000, 0x0000000800000000)
  region size 2048K, 110 young (225280K), 12 survivors (24576K)
 Metaspace       used 87963K, committed 88704K, reserved 1179648K
  class space    used 10934K, committed 11328K, reserved 1048576K
}
Event: 4518.988 GC heap after
{Heap after GC invocations=58 (full 2):
 garbage-first heap   total 464896K, used 127681K [0x0000000709400000, 0x0000000800000000)
  region size 2048K, 8 young (16384K), 8 survivors (16384K)
 Metaspace       used 87963K, committed 88704K, reserved 1179648K
  class space    used 10934K, committed 11328K, reserved 1048576K
}
Event: 5885.202 GC heap before
{Heap before GC invocations=58 (full 2):
 garbage-first heap   total 464896K, used 342721K [0x0000000709400000, 0x0000000800000000)
  region size 2048K, 113 young (231424K), 8 survivors (16384K)
 Metaspace       used 87964K, committed 88704K, reserved 1179648K
  class space    used 10934K, committed 11328K, reserved 1048576K
}
Event: 5885.210 GC heap after
{Heap after GC invocations=59 (full 2):
 garbage-first heap   total 464896K, used 127090K [0x0000000709400000, 0x0000000800000000)
  region size 2048K, 8 young (16384K), 8 survivors (16384K)
 Metaspace       used 87964K, committed 88704K, reserved 1179648K
  class space    used 10934K, committed 11328K, reserved 1048576K
}

Deoptimization events (20 events):
Event: 12.565 Thread 0x000001b67946dee0 DEOPT PACKING pc=0x000001b6645c7b62 sp=0x0000003f296fcae0
Event: 12.565 Thread 0x000001b67946dee0 DEOPT UNPACKING pc=0x000001b663f62b43 sp=0x0000003f296fbfe8 mode 3
Event: 12.967 Thread 0x000001b67946dee0 DEOPT PACKING pc=0x000001b664d9caa3 sp=0x0000003f296fcab0
Event: 12.967 Thread 0x000001b67946dee0 DEOPT UNPACKING pc=0x000001b663f62b43 sp=0x0000003f296fbff8 mode 3
Event: 14.968 Thread 0x000001b67b7cf6c0 DEOPT PACKING pc=0x000001b664e0b1b4 sp=0x0000003f2e5ff4c0
Event: 14.968 Thread 0x000001b67b7cf6c0 DEOPT UNPACKING pc=0x000001b663f62b43 sp=0x0000003f2e5fea38 mode 0
Event: 215.189 Thread 0x000001b679dd7030 DEOPT PACKING pc=0x000001b665230a93 sp=0x0000003f2a9fe8e0
Event: 215.189 Thread 0x000001b679dd7030 DEOPT UNPACKING pc=0x000001b663f62b43 sp=0x0000003f2a9fde08 mode 3
Event: 795.167 Thread 0x000001b6433a6590 DEOPT PACKING pc=0x000001b66519dab5 sp=0x0000003f2fbfea90
Event: 795.167 Thread 0x000001b6433a6590 DEOPT UNPACKING pc=0x000001b663f62b43 sp=0x0000003f2fbfdfb8 mode 3
Event: 2529.073 Thread 0x000001b642e4d720 DEOPT PACKING pc=0x000001b66594c4b5 sp=0x0000003f310fe810
Event: 2529.073 Thread 0x000001b642e4d720 DEOPT UNPACKING pc=0x000001b663f62b43 sp=0x0000003f310fdd38 mode 3
Event: 2691.128 Thread 0x000001b67b7d0a00 DEOPT PACKING pc=0x000001b664e0b1b4 sp=0x0000003f2e9ff0e0
Event: 2691.128 Thread 0x000001b67b7d0a00 DEOPT UNPACKING pc=0x000001b663f62b43 sp=0x0000003f2e9fe660 mode 0
Event: 2985.836 Thread 0x000001b6433a6590 DEOPT PACKING pc=0x000001b6659aac95 sp=0x0000003f2fbfd940
Event: 2985.836 Thread 0x000001b6433a6590 DEOPT UNPACKING pc=0x000001b663f62b43 sp=0x0000003f2fbfce58 mode 3
Event: 3158.290 Thread 0x000001b679dd79d0 DEOPT PACKING pc=0x000001b665430443 sp=0x0000003f303fdc20
Event: 3158.290 Thread 0x000001b679dd79d0 DEOPT UNPACKING pc=0x000001b663f62b43 sp=0x0000003f303fd0e8 mode 3
Event: 3158.290 Thread 0x000001b679dd79d0 DEOPT PACKING pc=0x000001b664fdcf4b sp=0x0000003f303fdb40
Event: 3158.290 Thread 0x000001b679dd79d0 DEOPT UNPACKING pc=0x000001b663f62b43 sp=0x0000003f303fd008 mode 3

Classes unloaded (20 events):
Event: 3163.816 Thread 0x000001b674093150 Unloading class 0x000001b601679800 'java/lang/invoke/LambdaForm$MH+0x000001b601679800'
Event: 3163.816 Thread 0x000001b674093150 Unloading class 0x000001b601679400 'java/lang/invoke/LambdaForm$MH+0x000001b601679400'
Event: 3163.816 Thread 0x000001b674093150 Unloading class 0x000001b601679000 'java/lang/invoke/LambdaForm$MH+0x000001b601679000'
Event: 3163.816 Thread 0x000001b674093150 Unloading class 0x000001b601678c00 'java/lang/invoke/LambdaForm$MH+0x000001b601678c00'
Event: 3163.816 Thread 0x000001b674093150 Unloading class 0x000001b601678800 'java/lang/invoke/LambdaForm$MH+0x000001b601678800'
Event: 3163.816 Thread 0x000001b674093150 Unloading class 0x000001b601678400 'java/lang/invoke/LambdaForm$MH+0x000001b601678400'
Event: 3163.816 Thread 0x000001b674093150 Unloading class 0x000001b6011a9400 'java/lang/invoke/LambdaForm$MH+0x000001b6011a9400'
Event: 3163.816 Thread 0x000001b674093150 Unloading class 0x000001b6011a9000 'java/lang/invoke/LambdaForm$MH+0x000001b6011a9000'
Event: 3163.816 Thread 0x000001b674093150 Unloading class 0x000001b6011a8c00 'java/lang/invoke/LambdaForm$MH+0x000001b6011a8c00'
Event: 3163.816 Thread 0x000001b674093150 Unloading class 0x000001b6011a8800 'java/lang/invoke/LambdaForm$MH+0x000001b6011a8800'
Event: 3163.816 Thread 0x000001b674093150 Unloading class 0x000001b6011a8400 'java/lang/invoke/LambdaForm$MH+0x000001b6011a8400'
Event: 3163.816 Thread 0x000001b674093150 Unloading class 0x000001b6011a8000 'java/lang/invoke/LambdaForm$MH+0x000001b6011a8000'
Event: 3163.816 Thread 0x000001b674093150 Unloading class 0x000001b601151000 'java/lang/invoke/LambdaForm$MH+0x000001b601151000'
Event: 3163.816 Thread 0x000001b674093150 Unloading class 0x000001b60113b000 'java/lang/invoke/LambdaForm$MH+0x000001b60113b000'
Event: 3163.816 Thread 0x000001b674093150 Unloading class 0x000001b601006000 'java/lang/invoke/LambdaForm$MH+0x000001b601006000'
Event: 3163.816 Thread 0x000001b674093150 Unloading class 0x000001b601004400 'java/lang/invoke/LambdaForm$MH+0x000001b601004400'
Event: 3163.816 Thread 0x000001b674093150 Unloading class 0x000001b601003800 'java/lang/invoke/LambdaForm$MH+0x000001b601003800'
Event: 3163.816 Thread 0x000001b674093150 Unloading class 0x000001b601003000 'java/lang/invoke/LambdaForm$MH+0x000001b601003000'
Event: 3163.816 Thread 0x000001b674093150 Unloading class 0x000001b601002800 'java/lang/invoke/LambdaForm$MH+0x000001b601002800'
Event: 3163.816 Thread 0x000001b674093150 Unloading class 0x000001b601002000 'java/lang/invoke/LambdaForm$MH+0x000001b601002000'

Classes redefined (0 events):
No events

Internal exceptions (20 events):
Event: 6396.477 Thread 0x000001b642c4e8b0 Exception <a 'java/io/FileNotFoundException'{0x0000000720972178}> (0x0000000720972178) 
thrown [s\open\src\hotspot\share\prims\jni.cpp, line 516]
Event: 6396.477 Thread 0x000001b642c4e8b0 Exception <a 'java/io/FileNotFoundException'{0x000000072052d108}> (0x000000072052d108) 
thrown [s\open\src\hotspot\share\prims\jni.cpp, line 516]
Event: 6406.487 Thread 0x000001b642c4e8b0 Exception <a 'java/io/FileNotFoundException'{0x00000007205303c8}> (0x00000007205303c8) 
thrown [s\open\src\hotspot\share\prims\jni.cpp, line 516]
Event: 6406.487 Thread 0x000001b642c4e8b0 Exception <a 'java/io/FileNotFoundException'{0x0000000720530b90}> (0x0000000720530b90) 
thrown [s\open\src\hotspot\share\prims\jni.cpp, line 516]
Event: 6416.503 Thread 0x000001b642c4e8b0 Exception <a 'java/io/FileNotFoundException'{0x0000000720533e50}> (0x0000000720533e50) 
thrown [s\open\src\hotspot\share\prims\jni.cpp, line 516]
Event: 6416.503 Thread 0x000001b642c4e8b0 Exception <a 'java/io/FileNotFoundException'{0x0000000720534618}> (0x0000000720534618) 
thrown [s\open\src\hotspot\share\prims\jni.cpp, line 516]
Event: 6426.515 Thread 0x000001b642c4e8b0 Exception <a 'java/io/FileNotFoundException'{0x00000007201541b8}> (0x00000007201541b8) 
thrown [s\open\src\hotspot\share\prims\jni.cpp, line 516]
Event: 6426.515 Thread 0x000001b642c4e8b0 Exception <a 'java/io/FileNotFoundException'{0x0000000720154980}> (0x0000000720154980) 
thrown [s\open\src\hotspot\share\prims\jni.cpp, line 516]
Event: 6436.518 Thread 0x000001b642c4e8b0 Exception <a 'java/io/FileNotFoundException'{0x0000000720157c40}> (0x0000000720157c40) 
thrown [s\open\src\hotspot\share\prims\jni.cpp, line 516]
Event: 6436.518 Thread 0x000001b642c4e8b0 Exception <a 'java/io/FileNotFoundException'{0x0000000720158408}> (0x0000000720158408) 
thrown [s\open\src\hotspot\share\prims\jni.cpp, line 516]
Event: 6446.530 Thread 0x000001b642c4e8b0 Exception <a 'java/io/FileNotFoundException'{0x000000072015b6c8}> (0x000000072015b6c8) 
thrown [s\open\src\hotspot\share\prims\jni.cpp, line 516]
Event: 6446.530 Thread 0x000001b642c4e8b0 Exception <a 'java/io/FileNotFoundException'{0x000000072015be90}> (0x000000072015be90) 
thrown [s\open\src\hotspot\share\prims\jni.cpp, line 516]
Event: 6456.542 Thread 0x000001b642c4e8b0 Exception <a 'java/io/FileNotFoundException'{0x000000071fc26028}> (0x000000071fc26028) 
thrown [s\open\src\hotspot\share\prims\jni.cpp, line 516]
Event: 6456.542 Thread 0x000001b642c4e8b0 Exception <a 'java/io/FileNotFoundException'{0x000000071fc267f0}> (0x000000071fc267f0) 
thrown [s\open\src\hotspot\share\prims\jni.cpp, line 516]
Event: 6466.545 Thread 0x000001b642c4e8b0 Exception <a 'java/io/FileNotFoundException'{0x000000071fc29ab0}> (0x000000071fc29ab0) 
thrown [s\open\src\hotspot\share\prims\jni.cpp, line 516]
Event: 6466.545 Thread 0x000001b642c4e8b0 Exception <a 'java/io/FileNotFoundException'{0x000000071fc2a278}> (0x000000071fc2a278) 
thrown [s\open\src\hotspot\share\prims\jni.cpp, line 516]
Event: 6476.554 Thread 0x000001b642c4e8b0 Exception <a 'java/io/FileNotFoundException'{0x000000071f943b88}> (0x000000071f943b88) 
thrown [s\open\src\hotspot\share\prims\jni.cpp, line 516]
Event: 6476.554 Thread 0x000001b642c4e8b0 Exception <a 'java/io/FileNotFoundException'{0x000000071f944350}> (0x000000071f944350) 
thrown [s\open\src\hotspot\share\prims\jni.cpp, line 516]
Event: 6486.560 Thread 0x000001b642c4e8b0 Exception <a 'java/io/FileNotFoundException'{0x000000071f947610}> (0x000000071f947610) 
thrown [s\open\src\hotspot\share\prims\jni.cpp, line 516]
Event: 6486.561 Thread 0x000001b642c4e8b0 Exception <a 'java/io/FileNotFoundException'{0x000000071f947dd8}> (0x000000071f947dd8) 
thrown [s\open\src\hotspot\share\prims\jni.cpp, line 516]

VM Operations (20 events):
Event: 4695.275 Executing VM operation: Cleanup
Event: 4695.275 Executing VM operation: Cleanup done
Event: 5056.556 Executing VM operation: Cleanup
Event: 5056.556 Executing VM operation: Cleanup done
Event: 5755.474 Executing VM operation: Cleanup
Event: 5755.474 Executing VM operation: Cleanup done
Event: 5777.667 Executing VM operation: Cleanup
Event: 5777.668 Executing VM operation: Cleanup done
Event: 5885.202 Executing VM operation: G1CollectForAllocation
Event: 5885.210 Executing VM operation: G1CollectForAllocation done
Event: 5957.734 Executing VM operation: Cleanup
Event: 5957.735 Executing VM operation: Cleanup done
Event: 6056.425 Executing VM operation: Cleanup
Event: 6056.425 Executing VM operation: Cleanup done
Event: 6290.319 Executing VM operation: Cleanup
Event: 6290.319 Executing VM operation: Cleanup done
Event: 6295.362 Executing VM operation: Cleanup
Event: 6295.362 Executing VM operation: Cleanup done
Event: 6374.020 Executing VM operation: Cleanup
Event: 6374.020 Executing VM operation: Cleanup done

Events (20 events):
Event: 6467.717 Thread 0x000001b643ab8860 Thread exited: 0x000001b643ab8860
Event: 6468.366 Thread 0x000001b643ab8860 Thread added: 0x000001b643ab8860
Event: 6469.773 Thread 0x000001b642c49890 Thread exited: 0x000001b642c49890
Event: 6470.357 Thread 0x000001b642c4abd0 Thread added: 0x000001b642c4abd0
Event: 6473.073 Thread 0x000001b643aba070 Thread exited: 0x000001b643aba070
Event: 6473.567 Thread 0x000001b643aba070 Thread added: 0x000001b643aba070
Event: 6475.147 Thread 0x000001b643ab8d30 Thread exited: 0x000001b643ab8d30
Event: 6475.478 Thread 0x000001b642c49890 Thread added: 0x000001b642c49890
Event: 6478.373 Thread 0x000001b643ab8860 Thread exited: 0x000001b643ab8860
Event: 6478.759 Thread 0x000001b643ab8860 Thread added: 0x000001b643ab8860
Event: 6480.366 Thread 0x000001b642c4abd0 Thread exited: 0x000001b642c4abd0
Event: 6480.922 Thread 0x000001b642c4b570 Thread added: 0x000001b642c4b570
Event: 6483.569 Thread 0x000001b643aba070 Thread exited: 0x000001b643aba070
Event: 6484.061 Thread 0x000001b643aba070 Thread added: 0x000001b643aba070
Event: 6485.481 Thread 0x000001b642c49890 Thread exited: 0x000001b642c49890
Event: 6486.173 Thread 0x000001b643ab8d30 Thread added: 0x000001b643ab8d30
Event: 6488.765 Thread 0x000001b643ab8860 Thread exited: 0x000001b643ab8860
Event: 6489.271 Thread 0x000001b643aca8d0 Thread added: 0x000001b643aca8d0
Event: 6490.936 Thread 0x000001b642c4b570 Thread exited: 0x000001b642c4b570
Event: 6491.479 Thread 0x000001b643ab8860 Thread added: 0x000001b643ab8860


Dynamic libraries:
0x00007ff71cb20000 - 0x00007ff71cb30000 	F:\Java\jdk-17\bin\java.exe
0x00007ffabe510000 - 0x00007ffabe708000 	C:\WINDOWS\SYSTEM32\ntdll.dll
0x00007ffabc5f0000 - 0x00007ffabc6ad000 	C:\WINDOWS\System32\KERNEL32.DLL
0x00007ffabbd70000 - 0x00007ffabc066000 	C:\WINDOWS\System32\KERNELBASE.dll
0x00007ffabc110000 - 0x00007ffabc210000 	C:\WINDOWS\System32\ucrtbase.dll
0x00007ffa88bb0000 - 0x00007ffa88bcb000 	F:\Java\jdk-17\bin\VCRUNTIME140.dll
0x00007ffa88b90000 - 0x00007ffa88ba9000 	F:\Java\jdk-17\bin\jli.dll
0x00007ffabcff0000 - 0x00007ffabd0a3000 	C:\WINDOWS\System32\ADVAPI32.dll
0x00007ffabcee0000 - 0x00007ffabcf7e000 	C:\WINDOWS\System32\msvcrt.dll
0x00007ffabcd90000 - 0x00007ffabce2f000 	C:\WINDOWS\System32\sechost.dll
0x00007ffabd9d0000 - 0x00007ffabdaf6000 	C:\WINDOWS\System32\RPCRT4.dll
0x00007ffabc070000 - 0x00007ffabc097000 	C:\WINDOWS\System32\bcrypt.dll
0x00007ffabd320000 - 0x00007ffabd4be000 	C:\WINDOWS\System32\USER32.dll
0x00007ffabbd40000 - 0x00007ffabbd62000 	C:\WINDOWS\System32\win32u.dll
0x00007ffabd4c0000 - 0x00007ffabd4ec000 	C:\WINDOWS\System32\GDI32.dll
0x00007ffaa9030000 - 0x00007ffaa92ca000 	C:\WINDOWS\WinSxS\amd64_microsoft.windows.common-controls_6595b64144ccf1df_6.0.19041.3636_none_60b6a03d71f818d5\COMCTL32.dll
0x00007ffabc2c0000 - 0x00007ffabc3da000 	C:\WINDOWS\System32\gdi32full.dll
0x00007ffabc430000 - 0x00007ffabc4cd000 	C:\WINDOWS\System32\msvcp_win.dll
0x00007ffab3110000 - 0x00007ffab311a000 	C:\WINDOWS\SYSTEM32\VERSION.dll
0x00007ffabd0b0000 - 0x00007ffabd0e0000 	C:\WINDOWS\System32\IMM32.DLL
0x00007ffa92990000 - 0x00007ffa9299c000 	F:\Java\jdk-17\bin\vcruntime140_1.dll
0x00007ffa808a0000 - 0x00007ffa8092e000 	F:\Java\jdk-17\bin\msvcp140.dll
0x00007ffa38bd0000 - 0x00007ffa397ae000 	F:\Java\jdk-17\bin\server\jvm.dll
0x00007ffabe4c0000 - 0x00007ffabe4c8000 	C:\WINDOWS\System32\PSAPI.DLL
0x00007ffaab370000 - 0x00007ffaab379000 	C:\WINDOWS\SYSTEM32\WSOCK32.dll
0x00007ffab0e40000 - 0x00007ffab0e67000 	C:\WINDOWS\SYSTEM32\WINMM.dll
0x00007ffabcf80000 - 0x00007ffabcfeb000 	C:\WINDOWS\System32\WS2_32.dll
0x00007ffab9a90000 - 0x00007ffab9aa2000 	C:\WINDOWS\SYSTEM32\kernel.appcore.dll
0x00007ffa8a4a0000 - 0x00007ffa8a4aa000 	F:\Java\jdk-17\bin\jimage.dll
0x00007ffaab940000 - 0x00007ffaabb24000 	C:\WINDOWS\SYSTEM32\DBGHELP.DLL
0x00007ffaac370000 - 0x00007ffaac3a4000 	C:\WINDOWS\SYSTEM32\dbgcore.DLL
0x00007ffabc4d0000 - 0x00007ffabc552000 	C:\WINDOWS\System32\bcryptPrimitives.dll
0x00007ffa9def0000 - 0x00007ffa9defe000 	F:\Java\jdk-17\bin\instrument.dll
0x00007ffa80ad0000 - 0x00007ffa80af5000 	F:\Java\jdk-17\bin\java.dll
0x00007ffa68d00000 - 0x00007ffa68dd7000 	F:\Java\jdk-17\bin\jsvml.dll
0x00007ffabdcb0000 - 0x00007ffabe3f5000 	C:\WINDOWS\System32\SHELL32.dll
0x00007ffab9c90000 - 0x00007ffaba42b000 	C:\WINDOWS\SYSTEM32\windows.storage.dll
0x00007ffabd500000 - 0x00007ffabd854000 	C:\WINDOWS\System32\combase.dll
0x00007ffabb610000 - 0x00007ffabb63d000 	C:\WINDOWS\SYSTEM32\Wldp.dll
0x00007ffabd920000 - 0x00007ffabd9cd000 	C:\WINDOWS\System32\SHCORE.dll
0x00007ffabd860000 - 0x00007ffabd8b5000 	C:\WINDOWS\System32\shlwapi.dll
0x00007ffabbb10000 - 0x00007ffabbb35000 	C:\WINDOWS\SYSTEM32\profapi.dll
0x00007ffa80a10000 - 0x00007ffa80a28000 	F:\Java\jdk-17\bin\zip.dll
0x00007ffa80a50000 - 0x00007ffa80a69000 	F:\Java\jdk-17\bin\net.dll
0x00007ffab1840000 - 0x00007ffab194a000 	C:\WINDOWS\SYSTEM32\WINHTTP.dll
0x00007ffabb370000 - 0x00007ffabb3da000 	C:\WINDOWS\system32\mswsock.dll
0x00007ffa80a30000 - 0x00007ffa80a46000 	F:\Java\jdk-17\bin\nio.dll
0x00007ffa9c240000 - 0x00007ffa9c25a000 	F:\IDEA\IntelliJ IDEA 2022.1.3\bin\breakgen64.dll
0x00007ffabb060000 - 0x00007ffabb12a000 	C:\WINDOWS\SYSTEM32\DNSAPI.dll
0x00007ffabb010000 - 0x00007ffabb04b000 	C:\WINDOWS\SYSTEM32\IPHLPAPI.DLL
0x00007ffabd4f0000 - 0x00007ffabd4f8000 	C:\WINDOWS\System32\NSI.dll
0x00007ffab3130000 - 0x00007ffab313a000 	C:\Windows\System32\rasadhlp.dll
0x00007ffaab290000 - 0x00007ffaab310000 	C:\WINDOWS\System32\fwpuclnt.dll
0x00007ffa9ec60000 - 0x00007ffa9ec6a000 	F:\Java\jdk-17\bin\management.dll
0x00007ffa9ec20000 - 0x00007ffa9ec2b000 	F:\Java\jdk-17\bin\management_ext.dll
0x00007ffabb560000 - 0x00007ffabb578000 	C:\WINDOWS\SYSTEM32\CRYPTSP.dll
0x00007ffabac30000 - 0x00007ffabac64000 	C:\WINDOWS\system32\rsaenh.dll
0x00007ffabbad0000 - 0x00007ffabbafe000 	C:\WINDOWS\SYSTEM32\USERENV.dll
0x00007ffabb580000 - 0x00007ffabb58c000 	C:\WINDOWS\SYSTEM32\CRYPTBASE.dll
0x00007ffab30f0000 - 0x00007ffab3107000 	C:\WINDOWS\SYSTEM32\dhcpcsvc6.DLL
0x00007ffab2b20000 - 0x00007ffab2b3d000 	C:\WINDOWS\SYSTEM32\dhcpcsvc.DLL
0x00007ffaa4e90000 - 0x00007ffaa4ea7000 	C:\WINDOWS\system32\napinsp.dll
0x00007ffaa2120000 - 0x00007ffaa213b000 	C:\WINDOWS\system32\pnrpnsp.dll
0x00007ffab76e0000 - 0x00007ffab76fd000 	C:\WINDOWS\system32\NLAapi.dll
0x00007ffab5e90000 - 0x00007ffab5ea5000 	C:\WINDOWS\system32\wshbth.dll
0x00007ffaa2100000 - 0x00007ffaa2112000 	C:\WINDOWS\System32\winrnr.dll
0x00007ffa9db30000 - 0x00007ffa9db3e000 	F:\Java\jdk-17\bin\sunmscapi.dll
0x00007ffabbbe0000 - 0x00007ffabbd3d000 	C:\WINDOWS\System32\CRYPT32.dll
0x00007ffabb680000 - 0x00007ffabb6a8000 	C:\WINDOWS\SYSTEM32\ncrypt.dll
0x00007ffabb640000 - 0x00007ffabb67b000 	C:\WINDOWS\SYSTEM32\NTASN1.dll
0x00007ffa9d4c0000 - 0x00007ffa9d4c7000 	C:\WINDOWS\system32\wshunix.dll

dbghelp: loaded successfully - version: 4.0.5 - missing functions: none
symbol engine: initialized successfully - sym options: 0x614 - pdb path: .;F:\Java\jdk-17\bin;C:\WINDOWS\SYSTEM32;C:\WINDOWS\WinSxS\amd64_microsoft.windows.common-controls_6595b64144ccf1df_6.0.19041.3636_none_60b6a03d71f818d5;F:\Java\jdk-17\bin\server;F:\IDEA\IntelliJ IDEA 2022.1.3\bin

VM Arguments:
jvm_args: -XX:TieredStopAtLevel=1 -Xverify:none -Dspring.output.ansi.enabled=always -Dcom.sun.management.jmxremote -Dspring.jmx.enabled=true -Dspring.liveBeansView.mbeanDomain -Dspring.application.admin.enabled=true -javaagent:F:\IDEA\IntelliJ IDEA 2022.1.3\lib\idea_rt.jar=63404:F:\IDEA\IntelliJ IDEA 2022.1.3\bin -Dfile.encoding=UTF-8 
java_command: com.ewing.RoomApplication
java_class_path (initial): D:\DataSource\StudyRoom\StudyRoom-Room\target\classes;D:\DataSource\StudyRoom\StudyRoom-Common\target\classes;F:\Maven\repo\com\github\xiaoymin\knife4j-openapi3-jakarta-spring-boot-starter\4.3.0\knife4j-openapi3-jakarta-spring-boot-starter-4.3.0.jar;F:\Maven\repo\com\github\xiaoymin\knife4j-core\4.3.0\knife4j-core-4.3.0.jar;F:\Maven\repo\com\github\xiaoymin\knife4j-openapi3-ui\4.3.0\knife4j-openapi3-ui-4.3.0.jar;F:\Maven\repo\org\springdoc\springdoc-openapi-starter-webmvc-ui\2.0.4\springdoc-openapi-starter-webmvc-ui-2.0.4.jar;F:\Maven\repo\org\springdoc\springdoc-openapi-starter-webmvc-api\2.0.4\springdoc-openapi-starter-webmvc-api-2.0.4.jar;F:\Maven\repo\org\springdoc\springdoc-openapi-starter-common\2.0.4\springdoc-openapi-starter-common-2.0.4.jar;F:\Maven\repo\io\swagger\core\v3\swagger-core-jakarta\2.2.8\swagger-core-jakarta-2.2.8.jar;F:\Maven\repo\org\apache\commons\commons-lang3\3.13.0\commons-lang3-3.13.0.jar;F:\Maven\repo\io\swagger\core\v3\swagger-annotations-jakarta\2.2.8\swagger-annotations-jakarta-2.2.8.jar;F:\Maven\repo\io\swagger\core\v3\swagger-models-jakarta\2.2.8\swagger-models-jakarta-2.2.8.jar;F:\Maven\repo\org\webjars\swagger-ui\4.18.1\swagger-ui-4.18.1.jar;F:\Maven\repo\org\webjars\webjars-locator-core\0.55\webjars-locator-core-0.55.jar;F:\Maven\repo\io\github\classgraph\classgraph\4.8.149\classgraph-4.8.149.jar;F:\Maven\repo\org\lionsoul\ip2region\2.6.4\ip2region-2.6.4.jar;F:\Maven\repo\com\alibaba\fastjson\1.2.33\fastjson-1.2.33.jar;F:\Maven\repo\com\mysql\mysql-connector-j\8.3.0\mysql-connector-j-8.3.0.jar;F:\Maven\repo\org\projectlombok\lombok\1.18.34\lombok-1.18.34.jar;F:\Maven\repo\org\springframework\cloud\spring-cloud-starter-bootstrap\4.1.0\spring-cloud-starter-bootstrap-4.1.0.jar;F:\Maven\repo\org\springframework\cloud\spring-cloud-starter\4.1.0\spring-cloud-starter-4.1.0.jar;F:\Maven\repo\org\springframework\security\spring-security-rsa\1.1.1\spring-security-rsa-1.1.1.jar;F:\Maven\repo\org\bouncycastle\bcp
Launcher Type: SUN_STANDARD

[Global flags]
     intx CICompilerCount                          = 12                                        {product} {ergonomic}
     uint ConcGCThreads                            = 3                                         {product} {ergonomic}
     uint G1ConcRefinementThreads                  = 13                                        {product} {ergonomic}
   size_t G1HeapRegionSize                         = 2097152                                   {product} {ergonomic}
    uintx GCDrainStackTargetSize                   = 64                                        {product} {ergonomic}
   size_t InitialHeapSize                          = 260046848                                 {product} {ergonomic}
     bool ManagementServer                         = true                                      {product} {command line}
   size_t MarkStackSize                            = 4194304                                   {product} {ergonomic}
   size_t MaxHeapSize                              = 4139778048                                {product} {ergonomic}
   size_t MaxNewSize                               = 2483027968                                {product} {ergonomic}
   size_t MinHeapDeltaBytes                        = 2097152                                   {product} {ergonomic}
   size_t MinHeapSize                              = 8388608                                   {product} {ergonomic}
    uintx NonProfiledCodeHeapSize                  = 0                                      {pd product} {ergonomic}
     bool ProfileInterpreter                       = false                                  {pd product} {command line}
    uintx ProfiledCodeHeapSize                     = 0                                      {pd product} {ergonomic}
   size_t SoftMaxHeapSize                          = 4139778048                             {manageable} {ergonomic}
     intx TieredStopAtLevel                        = 1                                         {product} {command line}
     bool UseCompressedClassPointers               = true                           {product lp64_product} {ergonomic}
     bool UseCompressedOops                        = true                           {product lp64_product} {ergonomic}
     bool UseG1GC                                  = true                                      {product} {ergonomic}
     bool UseLargePagesIndividualAllocation        = false                                  {pd product} {ergonomic}

Logging:
Log output configuration:
 #0: stdout all=warning uptime,level,tags
 #1: stderr all=off uptime,level,tags

Environment Variables:
JAVA_HOME=F:\Java\jdk-1.8
PATH=C:\Program Files (x86)\Common Files\Intel\Shared Libraries\redist\intel64_win\compiler;C:\Program Files (x86)\Common Files\Intel\Shared Libraries\redist\intel64\compiler;C:\Python312\Scripts\;C:\Python312\;C:\Program Files\Common Files\Oracle\Java\javapath;C:\Program Files (x86)\Common Files\Oracle\Java\javapath;F:\VMware\bin\;C:\Program Files\NVIDIA GPU Computing Toolkit\CUDA\v11.1\bin;C:\Program Files\NVIDIA GPU Computing Toolkit\CUDA\v11.1\libnvvp;C:\WINDOWS\system32;C:\WINDOWS;C:\WINDOWS\System32\Wbem;C:\WINDOWS\System32\WindowsPowerShell\v1.0\;C:\WINDOWS\System32\OpenSSH\;C:\Program Files\NVIDIA Corporation\Nsight Compute 2020.2.1\;C:\Program Files (x86)\NVIDIA Corporation\PhysX\Common;C:\Program Files\NVIDIA Corporation\NVIDIA NvDLISR;F:\Mysql\mysql-8.0.31-winx64\bin;F:\Anaconda\Scripts;F:\Anaconda;F:\Anaconda\Library\bin;F:\Anaconda\envs\tensorflow-gpu\Scripts;F:\Git\Git\cmd;C:\Program Files\dotnet\;F:\Java\jdk-1.8\bin;F:\Vscode\codeconfiguration\MinGw\mingw64\bin;F:\Maven\apache-maven-3.9.2\bin;C:\Program Files\VanDyke Software\Clients\;F:\mongodb\bin;F:\redis;F:\tools\file\GnuWin32\bin;F:\tools\llvm\bin;F:\node\;C:\ProgramData\chocolatey\bin;F:\ultraedit;F:\nacos\nacos\distribution\target\nacos-server-2.4.0-SNAPSHOT\nacos\bin;C:\Users\ewing\AppData\Local\Microsoft\WindowsApps;F:\Vscode\Microsoft VS Code\bin;F:\Pycharm\PyCharm 2021.3.1\bin;F:\Webstorm\WebStorm 2021.3.1\bin;C:\Users\ewing\.dotnet\tools;F:\IDEA\IntelliJ IDEA 2022.1.3\bin;C:\Users\ewing\.dotnet\tools;F:\Fiddler;F:\Pycharm\pycharm2022\PyCharm 2022.1.3\bin;F:\PhpStorm\PhpStorm 2022.1.3\bin;C:\Users\ewing\AppData\Roaming\npm;F:\Webstorm\WebStorm 2022.1.3\bin;
USERNAME=ewing
OS=Windows_NT
PROCESSOR_IDENTIFIER=AMD64 Family 23 Model 96 Stepping 1, AuthenticAMD



---------------  S Y S T E M  ---------------

OS:
 Windows 10 , 64 bit Build 19041 (10.0.19041.3636)
OS uptime: 0 days 2:17 hours

CPU: total 16 (initial active 16) (16 cores per cpu, 2 threads per core) family 23 model 96 stepping 1 microcode 0x0, cx8, cmov, fxsr, ht, mmx, 3dnowpref, sse, sse2, sse3, ssse3, sse4a, sse4.1, sse4.2, popcnt, lzcnt, tsc, tscinvbit, avx, avx2, aes, clmul, bmi1, bmi2, adx, sha, fma, vzeroupper, clflush, clflushopt

Memory: 4k page, system-wide physical 15789M (1577M free)
TotalPageFile size 29119M (AvailPageFile size 4398M)
current process WorkingSet (physical memory assigned to process): 644M, peak: 644M
current process commit charge ("private bytes"): 859M, peak: 862M

vm_info: Java HotSpot(TM) 64-Bit Server VM (17.0.8+9-LTS-211) for windows-amd64 JRE (17.0.8+9-LTS-211), built on Jun 14 2023 10:34:31 by "mach5one" with MS VC++ 17.1 (VS2022)

END.
